Archive member included to satisfy reference by file (symbol)

C:/ST/STM32CubeIDE_1.14.1/STM32CubeIDE/plugins/com.st.stm32cube.ide.mcu.externaltools.gnu-tools-for-stm32.11.3.rel1.win32_1.1.100.202309141235/tools/bin/../lib/gcc/arm-none-eabi/11.3.1/../../../../arm-none-eabi/lib/thumb/v7e-m+fp/hard\libc_nano.a(libc_a-exit.o)
                              C:/ST/STM32CubeIDE_1.14.1/STM32CubeIDE/plugins/com.st.stm32cube.ide.mcu.externaltools.gnu-tools-for-stm32.11.3.rel1.win32_1.1.100.202309141235/tools/bin/../lib/gcc/arm-none-eabi/11.3.1/../../../../arm-none-eabi/lib/thumb/v7e-m+fp/hard/crt0.o (exit)
C:/ST/STM32CubeIDE_1.14.1/STM32CubeIDE/plugins/com.st.stm32cube.ide.mcu.externaltools.gnu-tools-for-stm32.11.3.rel1.win32_1.1.100.202309141235/tools/bin/../lib/gcc/arm-none-eabi/11.3.1/../../../../arm-none-eabi/lib/thumb/v7e-m+fp/hard\libc_nano.a(libc_a-findfp.o)
                              C:/ST/STM32CubeIDE_1.14.1/STM32CubeIDE/plugins/com.st.stm32cube.ide.mcu.externaltools.gnu-tools-for-stm32.11.3.rel1.win32_1.1.100.202309141235/tools/bin/../lib/gcc/arm-none-eabi/11.3.1/../../../../arm-none-eabi/lib/thumb/v7e-m+fp/hard\libc_nano.a(libc_a-exit.o) (__stdio_exit_handler)
C:/ST/STM32CubeIDE_1.14.1/STM32CubeIDE/plugins/com.st.stm32cube.ide.mcu.externaltools.gnu-tools-for-stm32.11.3.rel1.win32_1.1.100.202309141235/tools/bin/../lib/gcc/arm-none-eabi/11.3.1/../../../../arm-none-eabi/lib/thumb/v7e-m+fp/hard\libc_nano.a(libc_a-fwalk.o)
                              C:/ST/STM32CubeIDE_1.14.1/STM32CubeIDE/plugins/com.st.stm32cube.ide.mcu.externaltools.gnu-tools-for-stm32.11.3.rel1.win32_1.1.100.202309141235/tools/bin/../lib/gcc/arm-none-eabi/11.3.1/../../../../arm-none-eabi/lib/thumb/v7e-m+fp/hard\libc_nano.a(libc_a-findfp.o) (_fwalk_sglue)
C:/ST/STM32CubeIDE_1.14.1/STM32CubeIDE/plugins/com.st.stm32cube.ide.mcu.externaltools.gnu-tools-for-stm32.11.3.rel1.win32_1.1.100.202309141235/tools/bin/../lib/gcc/arm-none-eabi/11.3.1/../../../../arm-none-eabi/lib/thumb/v7e-m+fp/hard\libc_nano.a(libc_a-stdio.o)
                              C:/ST/STM32CubeIDE_1.14.1/STM32CubeIDE/plugins/com.st.stm32cube.ide.mcu.externaltools.gnu-tools-for-stm32.11.3.rel1.win32_1.1.100.202309141235/tools/bin/../lib/gcc/arm-none-eabi/11.3.1/../../../../arm-none-eabi/lib/thumb/v7e-m+fp/hard\libc_nano.a(libc_a-findfp.o) (__sread)
C:/ST/STM32CubeIDE_1.14.1/STM32CubeIDE/plugins/com.st.stm32cube.ide.mcu.externaltools.gnu-tools-for-stm32.11.3.rel1.win32_1.1.100.202309141235/tools/bin/../lib/gcc/arm-none-eabi/11.3.1/../../../../arm-none-eabi/lib/thumb/v7e-m+fp/hard\libc_nano.a(libc_a-memset.o)
                              C:/ST/STM32CubeIDE_1.14.1/STM32CubeIDE/plugins/com.st.stm32cube.ide.mcu.externaltools.gnu-tools-for-stm32.11.3.rel1.win32_1.1.100.202309141235/tools/bin/../lib/gcc/arm-none-eabi/11.3.1/../../../../arm-none-eabi/lib/thumb/v7e-m+fp/hard/crt0.o (memset)
C:/ST/STM32CubeIDE_1.14.1/STM32CubeIDE/plugins/com.st.stm32cube.ide.mcu.externaltools.gnu-tools-for-stm32.11.3.rel1.win32_1.1.100.202309141235/tools/bin/../lib/gcc/arm-none-eabi/11.3.1/../../../../arm-none-eabi/lib/thumb/v7e-m+fp/hard\libc_nano.a(libc_a-closer.o)
                              C:/ST/STM32CubeIDE_1.14.1/STM32CubeIDE/plugins/com.st.stm32cube.ide.mcu.externaltools.gnu-tools-for-stm32.11.3.rel1.win32_1.1.100.202309141235/tools/bin/../lib/gcc/arm-none-eabi/11.3.1/../../../../arm-none-eabi/lib/thumb/v7e-m+fp/hard\libc_nano.a(libc_a-stdio.o) (_close_r)
C:/ST/STM32CubeIDE_1.14.1/STM32CubeIDE/plugins/com.st.stm32cube.ide.mcu.externaltools.gnu-tools-for-stm32.11.3.rel1.win32_1.1.100.202309141235/tools/bin/../lib/gcc/arm-none-eabi/11.3.1/../../../../arm-none-eabi/lib/thumb/v7e-m+fp/hard\libc_nano.a(libc_a-reent.o)
                              C:/ST/STM32CubeIDE_1.14.1/STM32CubeIDE/plugins/com.st.stm32cube.ide.mcu.externaltools.gnu-tools-for-stm32.11.3.rel1.win32_1.1.100.202309141235/tools/bin/../lib/gcc/arm-none-eabi/11.3.1/../../../../arm-none-eabi/lib/thumb/v7e-m+fp/hard\libc_nano.a(libc_a-closer.o) (errno)
C:/ST/STM32CubeIDE_1.14.1/STM32CubeIDE/plugins/com.st.stm32cube.ide.mcu.externaltools.gnu-tools-for-stm32.11.3.rel1.win32_1.1.100.202309141235/tools/bin/../lib/gcc/arm-none-eabi/11.3.1/../../../../arm-none-eabi/lib/thumb/v7e-m+fp/hard\libc_nano.a(libc_a-impure.o)
                              C:/ST/STM32CubeIDE_1.14.1/STM32CubeIDE/plugins/com.st.stm32cube.ide.mcu.externaltools.gnu-tools-for-stm32.11.3.rel1.win32_1.1.100.202309141235/tools/bin/../lib/gcc/arm-none-eabi/11.3.1/../../../../arm-none-eabi/lib/thumb/v7e-m+fp/hard\libc_nano.a(libc_a-reent.o) (_impure_ptr)
C:/ST/STM32CubeIDE_1.14.1/STM32CubeIDE/plugins/com.st.stm32cube.ide.mcu.externaltools.gnu-tools-for-stm32.11.3.rel1.win32_1.1.100.202309141235/tools/bin/../lib/gcc/arm-none-eabi/11.3.1/../../../../arm-none-eabi/lib/thumb/v7e-m+fp/hard\libc_nano.a(libc_a-lseekr.o)
[...]
Memory Configuration

Name             Origin             Length             Attributes
CCMRAM           0x0000000010000000 0x0000000000010000 xrw
RAM              0x0000000020000000 0x0000000000020000 xrw
FLASH            0x0000000008000000 0x0000000000100000 xr
*default*        0x0000000000000000 0xffffffffffffffff

Linker script and memory map

LOAD C:/ST/STM32CubeIDE_1.14.1/STM32CubeIDE/plugins/com.st.stm32cube.ide.mcu.externaltools.gnu-tools-for-stm32.11.3.rel1.win32_1.1.100.202309141235/tools/bin/../lib/gcc/arm-none-eabi/11.3.1/thumb/v7e-m+fp/hard/crti.o
LOAD C:/ST/STM32CubeIDE_1.14.1/STM32CubeIDE/plugins/com.st.stm32cube.ide.mcu.externaltools.gnu-tools-for-stm32.11.3.rel1.win32_1.1.100.202309141235/tools/bin/../lib/gcc/arm-none-eabi/11.3.1/thumb/v7e-m+fp/hard/crtbegin.o
LOAD C:/ST/STM32CubeIDE_1.14.1/STM32CubeIDE/plugins/com.st.stm32cube.ide.mcu.externaltools.gnu-tools-for-stm32.11.3.rel1.win32_1.1.100.202309141235/tools/bin/../lib/gcc/arm-none-eabi/11.3.1/../../../../arm-none-eabi/lib/thumb/v7e-m+fp/hard/crt0.o
LOAD ./Core/Src/gpio.o
LOAD ./Core/Src/i2c.o
LOAD ./Core/Src/i2s.o
LOAD ./Core/Src/main.o
LOAD ./Core/Src/spi.o
LOAD ./Core/Src/stm32f4xx_hal_msp.o
LOAD ./Core/Src/stm32f4xx_it.o
LOAD ./Core/Src/syscalls.o
LOAD ./Core/Src/sysmem.o
LOAD ./Core/Src/system_stm32f4xx.o
LOAD ./Core/Startup/startup_stm32f407vgtx.o
LOAD ./Drivers/STM32F4xx_HAL_Driver/Src/stm32f4xx_hal.o
LOAD ./Drivers/STM32F4xx_HAL_Driver/Src/stm32f4xx_hal_cortex.o
LOAD ./Drivers/STM32F4xx_HAL_Driver/Src/stm32f4xx_hal_dma.o
LOAD ./Drivers/STM32F4xx_HAL_Driver/Src/stm32f4xx_hal_dma_ex.o
LOAD ./Drivers/STM32F4xx_HAL_Driver/Src/stm32f4xx_hal_exti.o
LOAD ./Drivers/STM32F4xx_HAL_Driver/Src/stm32f4xx_hal_flash.o
LOAD ./Drivers/STM32F4xx_HAL_Driver/Src/stm32f4xx_hal_flash_ex.o
LOAD ./Drivers/STM32F4xx_HAL_Driver/Src/stm32f4xx_hal_flash_ramfunc.o
LOAD ./Drivers/STM32F4xx_HAL_Driver/Src/stm32f4xx_hal_gpio.o
LOAD ./Drivers/STM32F4xx_HAL_Driver/Src/stm32f4xx_hal_i2c.o
LOAD ./Drivers/STM32F4xx_HAL_Driver/Src/stm32f4xx_hal_i2c_ex.o
LOAD ./Drivers/STM32F4xx_HAL_Driver/Src/stm32f4xx_hal_i2s.o
LOAD ./Drivers/STM32F4xx_HAL_Driver/Src/stm32f4xx_hal_i2s_ex.o
LOAD ./Drivers/STM32F4xx_HAL_Driver/Src/stm32f4xx_hal_pcd.o
LOAD ./Drivers/STM32F4xx_HAL_Driver/Src/stm32f4xx_hal_pcd_ex.o
LOAD ./Drivers/STM32F4xx_HAL_Driver/Src/stm32f4xx_hal_pwr.o
LOAD ./Drivers/STM32F4xx_HAL_Driver/Src/stm32f4xx_hal_pwr_ex.o
LOAD ./Drivers/STM32F4xx_HAL_Driver/Src/stm32f4xx_hal_rcc.o
LOAD ./Drivers/STM32F4xx_HAL_Driver/Src/stm32f4xx_hal_rcc_ex.o
LOAD ./Drivers/STM32F4xx_HAL_Driver/Src/stm32f4xx_hal_spi.o
LOAD ./Drivers/STM32F4xx_HAL_Driver/Src/stm32f4xx_hal_tim.o
LOAD ./Drivers/STM32F4xx_HAL_Driver/Src/stm32f4xx_hal_tim_ex.o
LOAD ./Drivers/STM32F4xx_HAL_Driver/Src/stm32f4xx_ll_usb.o
LOAD ./Middlewares/ST/STM32_USB_Device_Library/Class/HID/Src/usbd_hid.o
LOAD ./Middlewares/ST/STM32_USB_Device_Library/Core/Src/usbd_core.o
LOAD ./Middlewares/ST/STM32_USB_Device_Library/Core/Src/usbd_ctlreq.o
LOAD ./Middlewares/ST/STM32_USB_Device_Library/Core/Src/usbd_ioreq.o
LOAD ./USB_DEVICE/App/usb_device.o
LOAD ./USB_DEVICE/App/usbd_desc.o
LOAD ./USB_DEVICE/Target/usbd_conf.o
START GROUP
LOAD C:/ST/STM32CubeIDE_1.14.1/STM32CubeIDE/plugins/com.st.stm32cube.ide.mcu.externaltools.gnu-tools-for-stm32.11.3.rel1.win32_1.1.100.202309141235/tools/bin/../lib/gcc/arm-none-eabi/11.3.1/../../../../arm-none-eabi/lib/thumb/v7e-m+fp/hard\libc_nano.a
LOAD C:/ST/STM32CubeIDE_1.14.1/STM32CubeIDE/plugins/com.st.stm32cube.ide.mcu.externaltools.gnu-tools-for-stm32.11.3.rel1.win32_1.1.100.202309141235/tools/bin/../lib/gcc/arm-none-eabi/11.3.1/../../../../arm-none-eabi/lib/thumb/v7e-m+fp/hard\libm.a
END GROUP
START GROUP
LOAD C:/ST/STM32CubeIDE_1.14.1/STM32CubeIDE/plugins/com.st.stm32cube.ide.mcu.externaltools.gnu-tools-for-stm32.11.3.rel1.win32_1.1.100.202309141235/tools/bin/../lib/gcc/arm-none-eabi/11.3.1/thumb/v7e-m+fp/hard\libgcc.a
LOAD C:/ST/STM32CubeIDE_1.14.1/STM32CubeIDE/plugins/com.st.stm32cube.ide.mcu.externaltools.gnu-tools-for-stm32.11.3.rel1.win32_1.1.100.202309141235/tools/bin/../lib/gcc/arm-none-eabi/11.3.1/../../../../arm-none-eabi/lib/thumb/v7e-m+fp/hard\libc_nano.a
END GROUP
START GROUP
LOAD C:/ST/STM32CubeIDE_1.14.1/STM32CubeIDE/plugins/com.st.stm32cube.ide.mcu.externaltools.gnu-tools-for-stm32.11.3.rel1.win32_1.1.100.202309141235/tools/bin/../lib/gcc/arm-none-eabi/11.3.1/thumb/v7e-m+fp/hard\libgcc.a
LOAD C:/ST/STM32CubeIDE_1.14.1/STM32CubeIDE/plugins/com.st.stm32cube.ide.mcu.externaltools.gnu-tools-for-stm32.11.3.rel1.win32_1.1.100.202309141235/tools/bin/../lib/gcc/arm-none-eabi/11.3.1/../../../../arm-none-eabi/lib/thumb/v7e-m+fp/hard\libc_nano.a
LOAD C:/ST/STM32CubeIDE_1.14.1/STM32CubeIDE/plugins/com.st.stm32cube.ide.mcu.externaltools.gnu-tools-for-stm32.11.3.rel1.win32_1.1.100.202309141235/tools/bin/../lib/gcc/arm-none-eabi/11.3.1/../../../../arm-none-eabi/lib/thumb/v7e-m+fp/hard\libnosys.a
END GROUP
START GROUP
LOAD C:/ST/STM32CubeIDE_1.14.1/STM32CubeIDE/plugins/com.st.stm32cube.ide.mcu.externaltools.gnu-tools-for-stm32.11.3.rel1.win32_1.1.100.202309141235/tools/bin/../lib/gcc/arm-none-eabi/11.3.1/thumb/v7e-m+fp/hard\libgcc.a
LOAD C:/ST/STM32CubeIDE_1.14.1/STM32CubeIDE/plugins/com.st.stm32cube.ide.mcu.externaltools.gnu-tools-for-stm32.11.3.rel1.win32_1.1.100.202309141235/tools/bin/../lib/gcc/arm-none-eabi/11.3.1/../../../../arm-none-eabi/lib/thumb/v7e-m+fp/hard\libc_nano.a
LOAD C:/ST/STM32CubeIDE_1.14.1/STM32CubeIDE/plugins/com.st.stm32cube.ide.mcu.externaltools.gnu-tools-for-stm32.11.3.rel1.win32_1.1.100.202309141235/tools/bin/../lib/gcc/arm-none-eabi/11.3.1/../../../../arm-none-eabi/lib/thumb/v7e-m+fp/hard\libnosys.a
END GROUP
LOAD C:/ST/STM32CubeIDE_1.14.1/STM32CubeIDE/plugins/com.st.stm32cube.ide.mcu.externaltools.gnu-tools-for-stm32.11.3.rel1.win32_1.1.100.202309141235/tools/bin/../lib/gcc/arm-none-eabi/11.3.1/thumb/v7e-m+fp/hard/crtend.o
LOAD C:/ST/STM32CubeIDE_1.14.1/STM32CubeIDE/plugins/com.st.stm32cube.ide.mcu.externaltools.gnu-tools-for-stm32.11.3.rel1.win32_1.1.100.202309141235/tools/bin/../lib/gcc/arm-none-eabi/11.3.1/thumb/v7e-m+fp/hard/crtn.o
                0x0000000020020000                _estack = (ORIGIN (RAM) + LENGTH (RAM))
                0x0000000000000200                _Min_Heap_Size = 0x200
                0x0000000000000400                _Min_Stack_Size = 0x400

.isr_vector     0x0000000008000000      0x188
                0x0000000008000000                . = ALIGN (0x4)
 *(.isr_vector)
 .isr_vector    0x0000000008000000      0x188 ./Core/Startup/startup_stm32f407vgtx.o
                0x0000000008000000                g_pfnVectors
                0x0000000008000188                . = ALIGN (0x4)

.text           0x0000000008000188     0x8424
                0x0000000008000188                . = ALIGN (0x4)
 *(.text)
 .text          0x0000000008000188       0x40 C:/ST/STM32CubeIDE_1.14.1/STM32CubeIDE/plugins/com.st.stm32cube.ide.mcu.externaltools.gnu-tools-for-stm32.11.3.rel1.win32_1.1.100.202309141235/tools/bin/../lib/gcc/arm-none-eabi/11.3.1/thumb/v7e-m+fp/hard/crtbegin.o
 .text          0x00000000080001c8       0x30 C:/ST/STM32CubeIDE_1.14.1/STM32CubeIDE/plugins/com.st.stm32cube.ide.mcu.externaltools.gnu-tools-for-stm32.11.3.rel1.win32_1.1.100.202309141235/tools/bin/../lib/gcc/arm-none-eabi/11.3.1/thumb/v7e-m+fp/hard\libgcc.a(_aeabi_uldivmod.o)
                0x00000000080001c8                __aeabi_uldivmod
 .text          0x00000000080001f8      0x2c8 C:/ST/STM32CubeIDE_1.14.1/STM32CubeIDE/plugins/com.st.stm32cube.ide.mcu.externaltools.gnu-tools-for-stm32.11.3.rel1.win32_1.1.100.202309141235/tools/bin/../lib/gcc/arm-none-eabi/11.3.1/thumb/v7e-m+fp/hard\libgcc.a(_udivmoddi4.o)
                0x00000000080001f8                __udivmoddi4
 .text          0x00000000080004c0        0x4 C:/ST/STM32CubeIDE_1.14.1/STM32CubeIDE/plugins/com.st.stm32cube.ide.mcu.externaltools.gnu-tools-for-stm32.11.3.rel1.win32_1.1.100.202309141235/tools/bin/../lib/gcc/arm-none-eabi/11.3.1/thumb/v7e-m+fp/hard\libgcc.a(_dvmd_tls.o)
                0x00000000080004c0                __aeabi_idiv0
                0x00000000080004c0                __aeabi_ldiv0
 *(.text*)
 .text.MX_GPIO_Init
                0x00000000080004c4      0x210 ./Core/Src/gpio.o
                0x00000000080004c4                MX_GPIO_Init
 .text.MX_I2C1_Init
                0x00000000080006d4       0x5c ./Core/Src/i2c.o
                0x00000000080006d4                MX_I2C1_Init
 .text.HAL_I2C_MspInit
                0x0000000008000730       0x90 ./Core/Src/i2c.o
                0x0000000008000730                HAL_I2C_MspInit
 .text.MX_I2S3_Init
                0x00000000080007c0       0x60 ./Core/Src/i2s.o
                0x00000000080007c0                MX_I2S3_Init
 .text.HAL_I2S_MspInit
                0x0000000008000820      0x100 ./Core/Src/i2s.o
                0x0000000008000820                HAL_I2S_MspInit
 .text.Calibrate
                0x0000000008000920      0x144 ./Core/Src/main.o
                0x0000000008000920                Calibrate
 .text.HAL_GPIO_EXTI_Callback
                0x0000000008000a64       0x28 ./Core/Src/main.o
                0x0000000008000a64                HAL_GPIO_EXTI_Callback
 .text.main     0x0000000008000a8c      0x2e8 ./Core/Src/main.o
                0x0000000008000a8c                main
 .text.SystemClock_Config
                0x0000000008000d74       0xd4 ./Core/Src/main.o
                0x0000000008000d74                SystemClock_Config
 .text.Error_Handler
                0x0000000008000e48        0xa ./Core/Src/main.o
                0x0000000008000e48                Error_Handler
 *fill*         0x0000000008000e52        0x2 
 .text.MX_SPI1_Init
                0x0000000008000e54       0x6c ./Core/Src/spi.o
                0x0000000008000e54                MX_SPI1_Init
 .text.HAL_SPI_MspInit
                0x0000000008000ec0       0x90 ./Core/Src/spi.o
                0x0000000008000ec0                HAL_SPI_MspInit
 .text.HAL_MspInit
                0x0000000008000f50       0x50 ./Core/Src/stm32f4xx_hal_msp.o
                0x0000000008000f50                HAL_MspInit
 .text.NMI_Handler
                0x0000000008000fa0        0x6 ./Core/Src/stm32f4xx_it.o
                0x0000000008000fa0                NMI_Handler
 .text.HardFault_Handler
                0x0000000008000fa6        0x6 ./Core/Src/stm32f4xx_it.o
                0x0000000008000fa6                HardFault_Handler
 .text.MemManage_Handler
                0x0000000008000fac        0x6 ./Core/Src/stm32f4xx_it.o
                0x0000000008000fac                MemManage_Handler
 .text.BusFault_Handler
                0x0000000008000fb2        0x6 ./Core/Src/stm32f4xx_it.o
                0x0000000008000fb2                BusFault_Handler
 .text.UsageFault_Handler
                0x0000000008000fb8        0x6 ./Core/Src/stm32f4xx_it.o
                0x0000000008000fb8                UsageFault_Handler
 .text.SVC_Handler
                0x0000000008000fbe        0xe ./Core/Src/stm32f4xx_it.o
                0x0000000008000fbe                SVC_Handler
 .text.DebugMon_Handler
                0x0000000008000fcc        0xe ./Core/Src/stm32f4xx_it.o
                0x0000000008000fcc                DebugMon_Handler
 .text.PendSV_Handler
                0x0000000008000fda        0xe ./Core/Src/stm32f4xx_it.o
                0x0000000008000fda                PendSV_Handler
 .text.SysTick_Handler
                0x0000000008000fe8        0xc ./Core/Src/stm32f4xx_it.o
                0x0000000008000fe8                SysTick_Handler
 .text.EXTI0_IRQHandler
                0x0000000008000ff4        0xe ./Core/Src/stm32f4xx_it.o
                0x0000000008000ff4                EXTI0_IRQHandler
 *fill*         0x0000000008001002        0x2 
 .text.OTG_FS_IRQHandler
                0x0000000008001004       0x14 ./Core/Src/stm32f4xx_it.o
                0x0000000008001004                OTG_FS_IRQHandler
 .text.SystemInit
                0x0000000008001018       0x24 ./Core/Src/system_stm32f4xx.o
                0x0000000008001018                SystemInit
 .text.Reset_Handler
                0x000000000800103c       0x50 ./Core/Startup/startup_stm32f407vgtx.o
                0x000000000800103c                Reset_Handler
 .text.Default_Handler
                0x000000000800108c        0x2 ./Core/Startup/startup_stm32f407vgtx.o
                0x000000000800108c                RTC_Alarm_IRQHandler
                0x000000000800108c                HASH_RNG_IRQHandler
                0x000000000800108c                EXTI2_IRQHandler
                0x000000000800108c                TIM8_CC_IRQHandler
                0x000000000800108c                TIM1_CC_IRQHandler
                0x000000000800108c                DMA2_Stream5_IRQHandler
                0x000000000800108c                DMA1_Stream5_IRQHandler
                0x000000000800108c                PVD_IRQHandler
                0x000000000800108c                SDIO_IRQHandler
                0x000000000800108c                TAMP_STAMP_IRQHandler
                0x000000000800108c                CAN2_RX1_IRQHandler
                0x000000000800108c                EXTI3_IRQHandler
                0x000000000800108c                TIM8_TRG_COM_TIM14_IRQHandler
                0x000000000800108c                TIM1_UP_TIM10_IRQHandler
                0x000000000800108c                TIM8_UP_TIM13_IRQHandler
                0x000000000800108c                I2C3_ER_IRQHandler
                0x000000000800108c                I2C2_EV_IRQHandler
                0x000000000800108c                DMA1_Stream2_IRQHandler
                0x000000000800108c                CAN1_RX0_IRQHandler
                0x000000000800108c                FPU_IRQHandler
                0x000000000800108c                OTG_HS_WKUP_IRQHandler
                0x000000000800108c                CAN2_SCE_IRQHandler
                0x000000000800108c                DMA2_Stream2_IRQHandler
                0x000000000800108c                SPI1_IRQHandler
                0x000000000800108c                TIM6_DAC_IRQHandler
                0x000000000800108c                TIM1_BRK_TIM9_IRQHandler
                0x000000000800108c                DCMI_IRQHandler
                0x000000000800108c                CAN2_RX0_IRQHandler
                0x000000000800108c                DMA2_Stream3_IRQHandler
                0x000000000800108c                USART6_IRQHandler
                0x000000000800108c                USART3_IRQHandler
                0x000000000800108c                CAN1_RX1_IRQHandler
                0x000000000800108c                UART5_IRQHandler
                0x000000000800108c                DMA2_Stream0_IRQHandler
                0x000000000800108c                TIM4_IRQHandler
                0x000000000800108c                I2C1_EV_IRQHandler
                0x000000000800108c                DMA1_Stream6_IRQHandler
                0x000000000800108c                DMA1_Stream1_IRQHandler
                0x000000000800108c                UART4_IRQHandler
                0x000000000800108c                TIM3_IRQHandler
                0x000000000800108c                RCC_IRQHandler
                0x000000000800108c                TIM8_BRK_TIM12_IRQHandler
                0x000000000800108c                Default_Handler
                0x000000000800108c                EXTI15_10_IRQHandler
                0x000000000800108c                ADC_IRQHandler
                0x000000000800108c                DMA1_Stream7_IRQHandler
                0x000000000800108c                TIM7_IRQHandler
                0x000000000800108c                CAN2_TX_IRQHandler
                0x000000000800108c                TIM5_IRQHandler
                0x000000000800108c                DMA2_Stream7_IRQHandler
                0x000000000800108c                I2C3_EV_IRQHandler
                0x000000000800108c                EXTI9_5_IRQHandler
                0x000000000800108c                RTC_WKUP_IRQHandler
                0x000000000800108c                ETH_WKUP_IRQHandler
                0x000000000800108c                SPI2_IRQHandler
                0x000000000800108c                OTG_HS_EP1_IN_IRQHandler
                0x000000000800108c                DMA1_Stream0_IRQHandler
                0x000000000800108c                CAN1_TX_IRQHandler
                0x000000000800108c                EXTI4_IRQHandler
                0x000000000800108c                FSMC_IRQHandler
                0x000000000800108c                ETH_IRQHandler
                0x000000000800108c                OTG_HS_EP1_OUT_IRQHandler
                0x000000000800108c                WWDG_IRQHandler
                0x000000000800108c                TIM2_IRQHandler
                0x000000000800108c                OTG_FS_WKUP_IRQHandler
                0x000000000800108c                TIM1_TRG_COM_TIM11_IRQHandler
                0x000000000800108c                OTG_HS_IRQHandler
                0x000000000800108c                EXTI1_IRQHandler
                0x000000000800108c                USART2_IRQHandler
                0x000000000800108c                I2C2_ER_IRQHandler
                0x000000000800108c                DMA2_Stream1_IRQHandler
                0x000000000800108c                CAN1_SCE_IRQHandler
                0x000000000800108c                FLASH_IRQHandler
                0x000000000800108c                DMA2_Stream4_IRQHandler
                0x000000000800108c                USART1_IRQHandler
                0x000000000800108c                SPI3_IRQHandler
                0x000000000800108c                DMA1_Stream4_IRQHandler
                0x000000000800108c                I2C1_ER_IRQHandler
                0x000000000800108c                DMA2_Stream6_IRQHandler
                0x000000000800108c                DMA1_Stream3_IRQHandler
 *fill*         0x000000000800108e        0x2 
 .text.HAL_Init
                0x0000000008001090       0x44 ./Drivers/STM32F4xx_HAL_Driver/Src/stm32f4xx_hal.o
                0x0000000008001090                HAL_Init
 .text.HAL_InitTick
                0x00000000080010d4       0x60 ./Drivers/STM32F4xx_HAL_Driver/Src/stm32f4xx_hal.o
                0x00000000080010d4                HAL_InitTick
 .text.HAL_IncTick
                0x0000000008001134       0x28 ./Drivers/STM32F4xx_HAL_Driver/Src/stm32f4xx_hal.o
                0x0000000008001134                HAL_IncTick
 .text.HAL_GetTick
                0x000000000800115c       0x18 ./Drivers/STM32F4xx_HAL_Driver/Src/stm32f4xx_hal.o
                0x000000000800115c                HAL_GetTick
 .text.HAL_Delay
                0x0000000008001174       0x48 ./Drivers/STM32F4xx_HAL_Driver/Src/stm32f4xx_hal.o
                0x0000000008001174                HAL_Delay
 .text.__NVIC_SetPriorityGrouping
                0x00000000080011bc       0x48 ./Drivers/STM32F4xx_HAL_Driver/Src/stm32f4xx_hal_cortex.o
 .text.__NVIC_GetPriorityGrouping
                0x0000000008001204       0x1c ./Drivers/STM32F4xx_HAL_Driver/Src/stm32f4xx_hal_cortex.o
 .text.__NVIC_EnableIRQ
                0x0000000008001220       0x3c ./Drivers/STM32F4xx_HAL_Driver/Src/stm32f4xx_hal_cortex.o
 .text.__NVIC_SetPriority
                0x000000000800125c       0x54 ./Drivers/STM32F4xx_HAL_Driver/Src/stm32f4xx_hal_cortex.o
 .text.NVIC_EncodePriority
                0x00000000080012b0       0x66 ./Drivers/STM32F4xx_HAL_Driver/Src/stm32f4xx_hal_cortex.o
 *fill*         0x0000000008001316        0x2 
 .text.SysTick_Config
                0x0000000008001318       0x44 ./Drivers/STM32F4xx_HAL_Driver/Src/stm32f4xx_hal_cortex.o
 .text.HAL_NVIC_SetPriorityGrouping
                0x000000000800135c       0x16 ./Drivers/STM32F4xx_HAL_Driver/Src/stm32f4xx_hal_cortex.o
                0x000000000800135c                HAL_NVIC_SetPriorityGrouping
 .text.HAL_NVIC_SetPriority
                0x0000000008001372       0x38 ./Drivers/STM32F4xx_HAL_Driver/Src/stm32f4xx_hal_cortex.o
                0x0000000008001372                HAL_NVIC_SetPriority
 .text.HAL_NVIC_EnableIRQ
                0x00000000080013aa       0x1c ./Drivers/STM32F4xx_HAL_Driver/Src/stm32f4xx_hal_cortex.o
                0x00000000080013aa                HAL_NVIC_EnableIRQ
 .text.HAL_SYSTICK_Config
                0x00000000080013c6       0x18 ./Drivers/STM32F4xx_HAL_Driver/Src/stm32f4xx_hal_cortex.o
                0x00000000080013c6                HAL_SYSTICK_Config
 *fill*         0x00000000080013de        0x2 
 .text.HAL_GPIO_Init
                0x00000000080013e0      0x338 ./Drivers/STM32F4xx_HAL_Driver/Src/stm32f4xx_hal_gpio.o
                0x00000000080013e0                HAL_GPIO_Init
 .text.HAL_GPIO_ReadPin
                0x0000000008001718       0x30 ./Drivers/STM32F4xx_HAL_Driver/Src/stm32f4xx_hal_gpio.o
                0x0000000008001718                HAL_GPIO_ReadPin
 .text.HAL_GPIO_WritePin
                0x0000000008001748       0x32 ./Drivers/STM32F4xx_HAL_Driver/Src/stm32f4xx_hal_gpio.o
                0x0000000008001748                HAL_GPIO_WritePin
 *fill*         0x000000000800177a        0x2 
 .text.HAL_GPIO_EXTI_IRQHandler
                0x000000000800177c       0x30 ./Drivers/STM32F4xx_HAL_Driver/Src/stm32f4xx_hal_gpio.o
                0x000000000800177c                HAL_GPIO_EXTI_IRQHandler
 .text.HAL_I2C_Init
                0x00000000080017ac      0x288 ./Drivers/STM32F4xx_HAL_Driver/Src/stm32f4xx_hal_i2c.o
                0x00000000080017ac                HAL_I2C_Init
 .text.HAL_I2S_Init
                0x0000000008001a34      0x280 ./Drivers/STM32F4xx_HAL_Driver/Src/stm32f4xx_hal_i2s.o
                0x0000000008001a34                HAL_I2S_Init
 .text.HAL_I2S_TxCpltCallback
                0x0000000008001cb4       0x14 ./Drivers/STM32F4xx_HAL_Driver/Src/stm32f4xx_hal_i2s.o
                0x0000000008001cb4                HAL_I2S_TxCpltCallback
 .text.HAL_I2S_RxCpltCallback
                0x0000000008001cc8       0x14 ./Drivers/STM32F4xx_HAL_Driver/Src/stm32f4xx_hal_i2s.o
                0x0000000008001cc8                HAL_I2S_RxCpltCallback
 .text.HAL_I2S_ErrorCallback
                0x0000000008001cdc       0x14 ./Drivers/STM32F4xx_HAL_Driver/Src/stm32f4xx_hal_i2s.o
                0x0000000008001cdc                HAL_I2S_ErrorCallback
 .text.I2S_Transmit_IT
                0x0000000008001cf0       0x5c ./Drivers/STM32F4xx_HAL_Driver/Src/stm32f4xx_hal_i2s.o
 .text.I2S_Receive_IT
                0x0000000008001d4c       0x5e ./Drivers/STM32F4xx_HAL_Driver/Src/stm32f4xx_hal_i2s.o
 .text.I2S_IRQHandler
                0x0000000008001daa      0x114 ./Drivers/STM32F4xx_HAL_Driver/Src/stm32f4xx_hal_i2s.o
 *fill*         0x0000000008001ebe        0x2 
 .text.HAL_I2SEx_FullDuplex_IRQHandler
                0x0000000008001ec0      0x2a8 ./Drivers/STM32F4xx_HAL_Driver/Src/stm32f4xx_hal_i2s_ex.o
                0x0000000008001ec0                HAL_I2SEx_FullDuplex_IRQHandler
 .text.HAL_I2SEx_TxRxCpltCallback
                0x0000000008002168       0x14 ./Drivers/STM32F4xx_HAL_Driver/Src/stm32f4xx_hal_i2s_ex.o
                0x0000000008002168                HAL_I2SEx_TxRxCpltCallback
 .text.I2SEx_TxISR_I2S
                0x000000000800217c       0x62 ./Drivers/STM32F4xx_HAL_Driver/Src/stm32f4xx_hal_i2s_ex.o
 *fill*         0x00000000080021de        0x2 
 .text.I2SEx_TxISR_I2SExt
                0x00000000080021e0       0x98 ./Drivers/STM32F4xx_HAL_Driver/Src/stm32f4xx_hal_i2s_ex.o
 .text.I2SEx_RxISR_I2S
                0x0000000008002278       0x64 ./Drivers/STM32F4xx_HAL_Driver/Src/stm32f4xx_hal_i2s_ex.o
 .text.I2SEx_RxISR_I2SExt
                0x00000000080022dc       0x98 ./Drivers/STM32F4xx_HAL_Driver/Src/stm32f4xx_hal_i2s_ex.o
 .text.HAL_PCD_Init
                0x0000000008002374      0x23a ./Drivers/STM32F4xx_HAL_Driver/Src/stm32f4xx_hal_pcd.o
                0x0000000008002374                HAL_PCD_Init
 .text.HAL_PCD_Start
                0x00000000080025ae       0x66 ./Drivers/STM32F4xx_HAL_Driver/Src/stm32f4xx_hal_pcd.o
                0x00000000080025ae                HAL_PCD_Start
 .text.HAL_PCD_IRQHandler
                0x0000000008002614      0x93e ./Drivers/STM32F4xx_HAL_Driver/Src/stm32f4xx_hal_pcd.o
                0x0000000008002614                HAL_PCD_IRQHandler
 .text.HAL_PCD_SetAddress
                0x0000000008002f52       0x4a ./Drivers/STM32F4xx_HAL_Driver/Src/stm32f4xx_hal_pcd.o
                0x0000000008002f52                HAL_PCD_SetAddress
 .text.HAL_PCD_EP_Open
                0x0000000008002f9c       0xd0 ./Drivers/STM32F4xx_HAL_Driver/Src/stm32f4xx_hal_pcd.o
                0x0000000008002f9c                HAL_PCD_EP_Open
 .text.HAL_PCD_EP_Close
                0x000000000800306c       0x94 ./Drivers/STM32F4xx_HAL_Driver/Src/stm32f4xx_hal_pcd.o
                0x000000000800306c                HAL_PCD_EP_Close
 .text.HAL_PCD_EP_Receive
                0x0000000008003100       0x96 ./Drivers/STM32F4xx_HAL_Driver/Src/stm32f4xx_hal_pcd.o
                0x0000000008003100                HAL_PCD_EP_Receive
 .text.HAL_PCD_EP_Transmit
                0x0000000008003196       0x94 ./Drivers/STM32F4xx_HAL_Driver/Src/stm32f4xx_hal_pcd.o
                0x0000000008003196                HAL_PCD_EP_Transmit
 .text.HAL_PCD_EP_SetStall
                0x000000000800322a       0xc8 ./Drivers/STM32F4xx_HAL_Driver/Src/stm32f4xx_hal_pcd.o
                0x000000000800322a                HAL_PCD_EP_SetStall
 .text.HAL_PCD_EP_ClrStall
                0x00000000080032f2       0xac ./Drivers/STM32F4xx_HAL_Driver/Src/stm32f4xx_hal_pcd.o
                0x00000000080032f2                HAL_PCD_EP_ClrStall
 .text.HAL_PCD_EP_Abort
                0x000000000800339e       0x62 ./Drivers/STM32F4xx_HAL_Driver/Src/stm32f4xx_hal_pcd.o
                0x000000000800339e                HAL_PCD_EP_Abort
 .text.PCD_WriteEmptyTxFifo
                0x0000000008003400      0x11a ./Drivers/STM32F4xx_HAL_Driver/Src/stm32f4xx_hal_pcd.o
 *fill*         0x000000000800351a        0x2 
 .text.PCD_EP_OutXfrComplete_int
                0x000000000800351c      0x1d0 ./Drivers/STM32F4xx_HAL_Driver/Src/stm32f4xx_hal_pcd.o
 .text.PCD_EP_OutSetupPacket_int
                0x00000000080036ec       0x8c ./Drivers/STM32F4xx_HAL_Driver/Src/stm32f4xx_hal_pcd.o
 .text.HAL_PCDEx_SetTxFiFo
                0x0000000008003778       0x8e ./Drivers/STM32F4xx_HAL_Driver/Src/stm32f4xx_hal_pcd_ex.o
                0x0000000008003778                HAL_PCDEx_SetTxFiFo
 .text.HAL_PCDEx_SetRxFiFo
                0x0000000008003806       0x22 ./Drivers/STM32F4xx_HAL_Driver/Src/stm32f4xx_hal_pcd_ex.o
                0x0000000008003806                HAL_PCDEx_SetRxFiFo
 .text.HAL_PCDEx_LPM_Callback
                0x0000000008003828       0x18 ./Drivers/STM32F4xx_HAL_Driver/Src/stm32f4xx_hal_pcd_ex.o
                0x0000000008003828                HAL_PCDEx_LPM_Callback
 .text.HAL_RCC_OscConfig
                0x0000000008003840      0x4f0 ./Drivers/STM32F4xx_HAL_Driver/Src/stm32f4xx_hal_rcc.o
                0x0000000008003840                HAL_RCC_OscConfig
 .text.HAL_RCC_ClockConfig
                0x0000000008003d30      0x1cc ./Drivers/STM32F4xx_HAL_Driver/Src/stm32f4xx_hal_rcc.o
                0x0000000008003d30                HAL_RCC_ClockConfig
 .text.HAL_RCC_GetSysClockFreq
                0x0000000008003efc      0x20c ./Drivers/STM32F4xx_HAL_Driver/Src/stm32f4xx_hal_rcc.o
                0x0000000008003efc                HAL_RCC_GetSysClockFreq
 .text.HAL_RCC_GetHCLKFreq
                0x0000000008004108       0x18 ./Drivers/STM32F4xx_HAL_Driver/Src/stm32f4xx_hal_rcc.o
                0x0000000008004108                HAL_RCC_GetHCLKFreq
 .text.HAL_RCC_GetPCLK1Freq
                0x0000000008004120       0x28 ./Drivers/STM32F4xx_HAL_Driver/Src/stm32f4xx_hal_rcc.o
                0x0000000008004120                HAL_RCC_GetPCLK1Freq
 .text.HAL_RCCEx_PeriphCLKConfig
                0x0000000008004148      0x1c4 ./Drivers/STM32F4xx_HAL_Driver/Src/stm32f4xx_hal_rcc_ex.o
                0x0000000008004148                HAL_RCCEx_PeriphCLKConfig
 .text.HAL_RCCEx_GetPeriphCLKFreq
                0x000000000800430c       0xbc ./Drivers/STM32F4xx_HAL_Driver/Src/stm32f4xx_hal_rcc_ex.o
                0x000000000800430c                HAL_RCCEx_GetPeriphCLKFreq
 .text.HAL_SPI_Init
                0x00000000080043c8      0x112 ./Drivers/STM32F4xx_HAL_Driver/Src/stm32f4xx_hal_spi.o
                0x00000000080043c8                HAL_SPI_Init
 .text.HAL_SPI_TransmitReceive
                0x00000000080044da      0x344 ./Drivers/STM32F4xx_HAL_Driver/Src/stm32f4xx_hal_spi.o
                0x00000000080044da                HAL_SPI_TransmitReceive
 *fill*         0x000000000800481e        0x2 
 .text.SPI_WaitFlagStateUntilTimeout
                0x0000000008004820      0x110 ./Drivers/STM32F4xx_HAL_Driver/Src/stm32f4xx_hal_spi.o
 .text.SPI_EndRxTxTransaction
                0x0000000008004930       0x84 ./Drivers/STM32F4xx_HAL_Driver/Src/stm32f4xx_hal_spi.o
 .text.USB_CoreInit
                0x00000000080049b4       0xc2 ./Drivers/STM32F4xx_HAL_Driver/Src/stm32f4xx_ll_usb.o
                0x00000000080049b4                USB_CoreInit
 *fill*         0x0000000008004a76        0x2 
 .text.USB_SetTurnaroundTime
                0x0000000008004a78      0x144 ./Drivers/STM32F4xx_HAL_Driver/Src/stm32f4xx_ll_usb.o
                0x0000000008004a78                USB_SetTurnaroundTime
 .text.USB_EnableGlobalInt
                0x0000000008004bbc       0x22 ./Drivers/STM32F4xx_HAL_Driver/Src/stm32f4xx_ll_usb.o
                0x0000000008004bbc                USB_EnableGlobalInt
 .text.USB_DisableGlobalInt
                0x0000000008004bde       0x22 ./Drivers/STM32F4xx_HAL_Driver/Src/stm32f4xx_ll_usb.o
                0x0000000008004bde                USB_DisableGlobalInt
 .text.USB_SetCurrentMode
                0x0000000008004c00       0x98 ./Drivers/STM32F4xx_HAL_Driver/Src/stm32f4xx_ll_usb.o
                0x0000000008004c00                USB_SetCurrentMode
 .text.USB_DevInit
                0x0000000008004c98      0x2c8 ./Drivers/STM32F4xx_HAL_Driver/Src/stm32f4xx_ll_usb.o
                0x0000000008004c98                USB_DevInit
 .text.USB_FlushTxFifo
                0x0000000008004f60       0x68 ./Drivers/STM32F4xx_HAL_Driver/Src/stm32f4xx_ll_usb.o
                0x0000000008004f60                USB_FlushTxFifo
 .text.USB_FlushRxFifo
                0x0000000008004fc8       0x60 ./Drivers/STM32F4xx_HAL_Driver/Src/stm32f4xx_ll_usb.o
                0x0000000008004fc8                USB_FlushRxFifo
 .text.USB_SetDevSpeed
                0x0000000008005028       0x32 ./Drivers/STM32F4xx_HAL_Driver/Src/stm32f4xx_ll_usb.o
                0x0000000008005028                USB_SetDevSpeed
 .text.USB_GetDevSpeed
                0x000000000800505a       0x4a ./Drivers/STM32F4xx_HAL_Driver/Src/stm32f4xx_ll_usb.o
                0x000000000800505a                USB_GetDevSpeed
 .text.USB_ActivateEndpoint
                0x00000000080050a4      0x10e ./Drivers/STM32F4xx_HAL_Driver/Src/stm32f4xx_ll_usb.o
                0x00000000080050a4                USB_ActivateEndpoint
 *fill*         0x00000000080051b2        0x2 
 .text.USB_DeactivateEndpoint
                0x00000000080051b4      0x1b8 ./Drivers/STM32F4xx_HAL_Driver/Src/stm32f4xx_ll_usb.o
                0x00000000080051b4                USB_DeactivateEndpoint
 .text.USB_EPStartXfer
                0x000000000800536c      0x490 ./Drivers/STM32F4xx_HAL_Driver/Src/stm32f4xx_ll_usb.o
                0x000000000800536c                USB_EPStartXfer
 .text.USB_EP0StartXfer
                0x00000000080057fc      0x2b0 ./Drivers/STM32F4xx_HAL_Driver/Src/stm32f4xx_ll_usb.o
                0x00000000080057fc                USB_EP0StartXfer
 .text.USB_EPStopXfer
                0x0000000008005aac      0x154 ./Drivers/STM32F4xx_HAL_Driver/Src/stm32f4xx_ll_usb.o
                0x0000000008005aac                USB_EPStopXfer
 .text.USB_WritePacket
                0x0000000008005c00       0x7c ./Drivers/STM32F4xx_HAL_Driver/Src/stm32f4xx_ll_usb.o
                0x0000000008005c00                USB_WritePacket
 .text.USB_ReadPacket
                0x0000000008005c7c       0xb0 ./Drivers/STM32F4xx_HAL_Driver/Src/stm32f4xx_ll_usb.o
                0x0000000008005c7c                USB_ReadPacket
 .text.USB_EPSetStall
                0x0000000008005d2c       0xdc ./Drivers/STM32F4xx_HAL_Driver/Src/stm32f4xx_ll_usb.o
                0x0000000008005d2c                USB_EPSetStall
 .text.USB_EPClearStall
                0x0000000008005e08       0xcc ./Drivers/STM32F4xx_HAL_Driver/Src/stm32f4xx_ll_usb.o
                0x0000000008005e08                USB_EPClearStall
 .text.USB_SetDevAddress
                0x0000000008005ed4       0x4c ./Drivers/STM32F4xx_HAL_Driver/Src/stm32f4xx_ll_usb.o
                0x0000000008005ed4                USB_SetDevAddress
 .text.USB_DevConnect
                0x0000000008005f20       0x42 ./Drivers/STM32F4xx_HAL_Driver/Src/stm32f4xx_ll_usb.o
                0x0000000008005f20                USB_DevConnect
 .text.USB_DevDisconnect
                0x0000000008005f62       0x42 ./Drivers/STM32F4xx_HAL_Driver/Src/stm32f4xx_ll_usb.o
                0x0000000008005f62                USB_DevDisconnect
 .text.USB_ReadInterrupts
                0x0000000008005fa4       0x26 ./Drivers/STM32F4xx_HAL_Driver/Src/stm32f4xx_ll_usb.o
                0x0000000008005fa4                USB_ReadInterrupts
 .text.USB_ReadDevAllOutEpInterrupt
                0x0000000008005fca       0x34 ./Drivers/STM32F4xx_HAL_Driver/Src/stm32f4xx_ll_usb.o
                0x0000000008005fca                USB_ReadDevAllOutEpInterrupt
 .text.USB_ReadDevAllInEpInterrupt
                0x0000000008005ffe       0x34 ./Drivers/STM32F4xx_HAL_Driver/Src/stm32f4xx_ll_usb.o
                0x0000000008005ffe                USB_ReadDevAllInEpInterrupt
 .text.USB_ReadDevOutEPInterrupt
                0x0000000008006032       0x3c ./Drivers/STM32F4xx_HAL_Driver/Src/stm32f4xx_ll_usb.o
                0x0000000008006032                USB_ReadDevOutEPInterrupt
 .text.USB_ReadDevInEPInterrupt
                0x000000000800606e       0x5c ./Drivers/STM32F4xx_HAL_Driver/Src/stm32f4xx_ll_usb.o
                0x000000000800606e                USB_ReadDevInEPInterrupt
 .text.USB_GetMode
                0x00000000080060ca       0x1c ./Drivers/STM32F4xx_HAL_Driver/Src/stm32f4xx_ll_usb.o
                0x00000000080060ca                USB_GetMode
 .text.USB_ActivateSetup
                0x00000000080060e6       0x46 ./Drivers/STM32F4xx_HAL_Driver/Src/stm32f4xx_ll_usb.o
                0x00000000080060e6                USB_ActivateSetup
 .text.USB_EP0_OutStart
                0x000000000800612c       0xbc ./Drivers/STM32F4xx_HAL_Driver/Src/stm32f4xx_ll_usb.o
                0x000000000800612c                USB_EP0_OutStart
 .text.USB_CoreReset
                0x00000000080061e8       0x68 ./Drivers/STM32F4xx_HAL_Driver/Src/stm32f4xx_ll_usb.o
 .text.USBD_HID_Init
                0x0000000008006250       0xcc ./Middlewares/ST/STM32_USB_Device_Library/Class/HID/Src/usbd_hid.o
 .text.USBD_HID_DeInit
                0x000000000800631c       0x90 ./Middlewares/ST/STM32_USB_Device_Library/Class/HID/Src/usbd_hid.o
 .text.USBD_HID_Setup
                0x00000000080063ac      0x210 ./Middlewares/ST/STM32_USB_Device_Library/Class/HID/Src/usbd_hid.o
 .text.USBD_HID_SendReport
                0x00000000080065bc       0x60 ./Middlewares/ST/STM32_USB_Device_Library/Class/HID/Src/usbd_hid.o
                0x00000000080065bc                USBD_HID_SendReport
 .text.USBD_HID_GetFSCfgDesc
                0x000000000800661c       0x34 ./Middlewares/ST/STM32_USB_Device_Library/Class/HID/Src/usbd_hid.o
 .text.USBD_HID_GetHSCfgDesc
                0x0000000008006650       0x34 ./Middlewares/ST/STM32_USB_Device_Library/Class/HID/Src/usbd_hid.o
 .text.USBD_HID_GetOtherSpeedCfgDesc
                0x0000000008006684       0x34 ./Middlewares/ST/STM32_USB_Device_Library/Class/HID/Src/usbd_hid.o
 .text.USBD_HID_DataIn
                0x00000000080066b8       0x2c ./Middlewares/ST/STM32_USB_Device_Library/Class/HID/Src/usbd_hid.o
 .text.USBD_HID_GetDeviceQualifierDesc
                0x00000000080066e4       0x20 ./Middlewares/ST/STM32_USB_Device_Library/Class/HID/Src/usbd_hid.o
 .text.USBD_Init
                0x0000000008006704       0x60 ./Middlewares/ST/STM32_USB_Device_Library/Core/Src/usbd_core.o
                0x0000000008006704                USBD_Init
 .text.USBD_RegisterClass
                0x0000000008006764       0x6c ./Middlewares/ST/STM32_USB_Device_Library/Core/Src/usbd_core.o
                0x0000000008006764                USBD_RegisterClass
 .text.USBD_Start
                0x00000000080067d0       0x18 ./Middlewares/ST/STM32_USB_Device_Library/Core/Src/usbd_core.o
                0x00000000080067d0                USBD_Start
 .text.USBD_RunTestMode
                0x00000000080067e8       0x16 ./Middlewares/ST/STM32_USB_Device_Library/Core/Src/usbd_core.o
                0x00000000080067e8                USBD_RunTestMode
 .text.USBD_SetClassConfig
                0x00000000080067fe       0x38 ./Middlewares/ST/STM32_USB_Device_Library/Core/Src/usbd_core.o
                0x00000000080067fe                USBD_SetClassConfig
 .text.USBD_ClrClassConfig
                0x0000000008006836       0x34 ./Middlewares/ST/STM32_USB_Device_Library/Core/Src/usbd_core.o
                0x0000000008006836                USBD_ClrClassConfig
 .text.USBD_LL_SetupStage
                0x000000000800686a       0xaa ./Middlewares/ST/STM32_USB_Device_Library/Core/Src/usbd_core.o
                0x000000000800686a                USBD_LL_SetupStage
 .text.USBD_LL_DataOutStage
                0x0000000008006914      0x166 ./Middlewares/ST/STM32_USB_Device_Library/Core/Src/usbd_core.o
                0x0000000008006914                USBD_LL_DataOutStage
 .text.USBD_LL_DataInStage
                0x0000000008006a7a      0x164 ./Middlewares/ST/STM32_USB_Device_Library/Core/Src/usbd_core.o
                0x0000000008006a7a                USBD_LL_DataInStage
 .text.USBD_LL_Reset
                0x0000000008006bde       0xa4 ./Middlewares/ST/STM32_USB_Device_Library/Core/Src/usbd_core.o
                0x0000000008006bde                USBD_LL_Reset
 .text.USBD_LL_SetSpeed
                0x0000000008006c82       0x20 ./Middlewares/ST/STM32_USB_Device_Library/Core/Src/usbd_core.o
                0x0000000008006c82                USBD_LL_SetSpeed
 .text.USBD_LL_Suspend
                0x0000000008006ca2       0x2c ./Middlewares/ST/STM32_USB_Device_Library/Core/Src/usbd_core.o
                0x0000000008006ca2                USBD_LL_Suspend
 .text.USBD_LL_Resume
                0x0000000008006cce       0x30 ./Middlewares/ST/STM32_USB_Device_Library/Core/Src/usbd_core.o
                0x0000000008006cce                USBD_LL_Resume
 .text.USBD_LL_SOF
                0x0000000008006cfe       0x40 ./Middlewares/ST/STM32_USB_Device_Library/Core/Src/usbd_core.o
                0x0000000008006cfe                USBD_LL_SOF
 .text.USBD_LL_IsoINIncomplete
                0x0000000008006d3e       0x64 ./Middlewares/ST/STM32_USB_Device_Library/Core/Src/usbd_core.o
                0x0000000008006d3e                USBD_LL_IsoINIncomplete
 .text.USBD_LL_IsoOUTIncomplete
                0x0000000008006da2       0x64 ./Middlewares/ST/STM32_USB_Device_Library/Core/Src/usbd_core.o
                0x0000000008006da2                USBD_LL_IsoOUTIncomplete
 .text.USBD_LL_DevConnected
                0x0000000008006e06       0x16 ./Middlewares/ST/STM32_USB_Device_Library/Core/Src/usbd_core.o
                0x0000000008006e06                USBD_LL_DevConnected
 .text.USBD_LL_DevDisconnected
                0x0000000008006e1c       0x46 ./Middlewares/ST/STM32_USB_Device_Library/Core/Src/usbd_core.o
                0x0000000008006e1c                USBD_LL_DevDisconnected
 .text.USBD_CoreFindIF
                0x0000000008006e62       0x1a ./Middlewares/ST/STM32_USB_Device_Library/Core/Src/usbd_core.o
                0x0000000008006e62                USBD_CoreFindIF
 .text.USBD_CoreFindEP
                0x0000000008006e7c       0x1a ./Middlewares/ST/STM32_USB_Device_Library/Core/Src/usbd_core.o
                0x0000000008006e7c                USBD_CoreFindEP
 .text.USBD_GetEpDesc
                0x0000000008006e96       0x74 ./Middlewares/ST/STM32_USB_Device_Library/Core/Src/usbd_core.o
                0x0000000008006e96                USBD_GetEpDesc
 .text.USBD_GetNextDesc
                0x0000000008006f0a       0x3a ./Middlewares/ST/STM32_USB_Device_Library/Core/Src/usbd_core.o
                0x0000000008006f0a                USBD_GetNextDesc
 .text.SWAPBYTE
                0x0000000008006f44       0x3c ./Middlewares/ST/STM32_USB_Device_Library/Core/Src/usbd_ctlreq.o
 .text.USBD_StdDevReq
                0x0000000008006f80       0xe4 ./Middlewares/ST/STM32_USB_Device_Library/Core/Src/usbd_ctlreq.o
                0x0000000008006f80                USBD_StdDevReq
 .text.USBD_StdItfReq
                0x0000000008007064       0xd8 ./Middlewares/ST/STM32_USB_Device_Library/Core/Src/usbd_ctlreq.o
                0x0000000008007064                USBD_StdItfReq
 .text.USBD_StdEPReq
                0x000000000800713c      0x33a ./Middlewares/ST/STM32_USB_Device_Library/Core/Src/usbd_ctlreq.o
                0x000000000800713c                USBD_StdEPReq
 *fill*         0x0000000008007476        0x2 
 .text.USBD_GetDescriptor
                0x0000000008007478      0x2d4 ./Middlewares/ST/STM32_USB_Device_Library/Core/Src/usbd_ctlreq.o
 .text.USBD_SetAddress
                0x000000000800774c       0x88 ./Middlewares/ST/STM32_USB_Device_Library/Core/Src/usbd_ctlreq.o
 .text.USBD_SetConfig
                0x00000000080077d4      0x154 ./Middlewares/ST/STM32_USB_Device_Library/Core/Src/usbd_ctlreq.o
 .text.USBD_GetConfig
                0x0000000008007928       0x6c ./Middlewares/ST/STM32_USB_Device_Library/Core/Src/usbd_ctlreq.o
 .text.USBD_GetStatus
                0x0000000008007994       0x68 ./Middlewares/ST/STM32_USB_Device_Library/Core/Src/usbd_ctlreq.o
 .text.USBD_SetFeature
                0x00000000080079fc       0x52 ./Middlewares/ST/STM32_USB_Device_Library/Core/Src/usbd_ctlreq.o
 .text.USBD_ClrFeature
                0x0000000008007a4e       0x44 ./Middlewares/ST/STM32_USB_Device_Library/Core/Src/usbd_ctlreq.o
 .text.USBD_ParseSetupRequest
                0x0000000008007a92       0x74 ./Middlewares/ST/STM32_USB_Device_Library/Core/Src/usbd_ctlreq.o
                0x0000000008007a92                USBD_ParseSetupRequest
 .text.USBD_CtlError
                0x0000000008007b06       0x22 ./Middlewares/ST/STM32_USB_Device_Library/Core/Src/usbd_ctlreq.o
                0x0000000008007b06                USBD_CtlError
 .text.USBD_GetString
                0x0000000008007b28       0x8c ./Middlewares/ST/STM32_USB_Device_Library/Core/Src/usbd_ctlreq.o
                0x0000000008007b28                USBD_GetString
 .text.USBD_GetLen
                0x0000000008007bb4       0x34 ./Middlewares/ST/STM32_USB_Device_Library/Core/Src/usbd_ctlreq.o
 .text.USBD_CtlSendData
                0x0000000008007be8       0x36 ./Middlewares/ST/STM32_USB_Device_Library/Core/Src/usbd_ioreq.o
                0x0000000008007be8                USBD_CtlSendData
 .text.USBD_CtlContinueSendData
                0x0000000008007c1e       0x22 ./Middlewares/ST/STM32_USB_Device_Library/Core/Src/usbd_ioreq.o
                0x0000000008007c1e                USBD_CtlContinueSendData
 .text.USBD_CtlContinueRx
                0x0000000008007c40       0x22 ./Middlewares/ST/STM32_USB_Device_Library/Core/Src/usbd_ioreq.o
                0x0000000008007c40                USBD_CtlContinueRx
 .text.USBD_CtlSendStatus
                0x0000000008007c62       0x26 ./Middlewares/ST/STM32_USB_Device_Library/Core/Src/usbd_ioreq.o
                0x0000000008007c62                USBD_CtlSendStatus
 .text.USBD_CtlReceiveStatus
                0x0000000008007c88       0x26 ./Middlewares/ST/STM32_USB_Device_Library/Core/Src/usbd_ioreq.o
                0x0000000008007c88                USBD_CtlReceiveStatus
 *fill*         0x0000000008007cae        0x2 
 .text.MX_USB_DEVICE_Init
                0x0000000008007cb0       0x4c ./USB_DEVICE/App/usb_device.o
                0x0000000008007cb0                MX_USB_DEVICE_Init
 .text.USBD_FS_DeviceDescriptor
                0x0000000008007cfc       0x24 ./USB_DEVICE/App/usbd_desc.o
                0x0000000008007cfc                USBD_FS_DeviceDescriptor
 .text.USBD_FS_LangIDStrDescriptor
                0x0000000008007d20       0x24 ./USB_DEVICE/App/usbd_desc.o
                0x0000000008007d20                USBD_FS_LangIDStrDescriptor
 .text.USBD_FS_ProductStrDescriptor
                0x0000000008007d44       0x3c ./USB_DEVICE/App/usbd_desc.o
                0x0000000008007d44                USBD_FS_ProductStrDescriptor
 .text.USBD_FS_ManufacturerStrDescriptor
                0x0000000008007d80       0x28 ./USB_DEVICE/App/usbd_desc.o
                0x0000000008007d80                USBD_FS_ManufacturerStrDescriptor
 .text.USBD_FS_SerialStrDescriptor
                0x0000000008007da8       0x24 ./USB_DEVICE/App/usbd_desc.o
                0x0000000008007da8                USBD_FS_SerialStrDescriptor
 .text.USBD_FS_ConfigStrDescriptor
                0x0000000008007dcc       0x3c ./USB_DEVICE/App/usbd_desc.o
                0x0000000008007dcc                USBD_FS_ConfigStrDescriptor
 .text.USBD_FS_InterfaceStrDescriptor
                0x0000000008007e08       0x3c ./USB_DEVICE/App/usbd_desc.o
                0x0000000008007e08                USBD_FS_InterfaceStrDescriptor
 .text.Get_SerialNum
                0x0000000008007e44       0x58 ./USB_DEVICE/App/usbd_desc.o
 .text.IntToUnicode
                0x0000000008007e9c       0x7e ./USB_DEVICE/App/usbd_desc.o
 *fill*         0x0000000008007f1a        0x2 
 .text.HAL_PCD_MspInit
                0x0000000008007f1c       0xc4 ./USB_DEVICE/Target/usbd_conf.o
                0x0000000008007f1c                HAL_PCD_MspInit
 .text.HAL_PCD_SetupStageCallback
                0x0000000008007fe0       0x24 ./USB_DEVICE/Target/usbd_conf.o
                0x0000000008007fe0                HAL_PCD_SetupStageCallback
 .text.HAL_PCD_DataOutStageCallback
                0x0000000008008004       0x36 ./USB_DEVICE/Target/usbd_conf.o
                0x0000000008008004                HAL_PCD_DataOutStageCallback
 .text.HAL_PCD_DataInStageCallback
                0x000000000800803a       0x34 ./USB_DEVICE/Target/usbd_conf.o
                0x000000000800803a                HAL_PCD_DataInStageCallback
 .text.HAL_PCD_SOFCallback
                0x000000000800806e       0x1c ./USB_DEVICE/Target/usbd_conf.o
                0x000000000800806e                HAL_PCD_SOFCallback
 .text.HAL_PCD_ResetCallback
                0x000000000800808a       0x50 ./USB_DEVICE/Target/usbd_conf.o
                0x000000000800808a                HAL_PCD_ResetCallback
 *fill*         0x00000000080080da        0x2 
 .text.HAL_PCD_SuspendCallback
                0x00000000080080dc       0x4c ./USB_DEVICE/Target/usbd_conf.o
                0x00000000080080dc                HAL_PCD_SuspendCallback
 .text.HAL_PCD_ResumeCallback
                0x0000000008008128       0x1c ./USB_DEVICE/Target/usbd_conf.o
                0x0000000008008128                HAL_PCD_ResumeCallback
 .text.HAL_PCD_ISOOUTIncompleteCallback
                0x0000000008008144       0x24 ./USB_DEVICE/Target/usbd_conf.o
                0x0000000008008144                HAL_PCD_ISOOUTIncompleteCallback
 .text.HAL_PCD_ISOINIncompleteCallback
                0x0000000008008168       0x24 ./USB_DEVICE/Target/usbd_conf.o
                0x0000000008008168                HAL_PCD_ISOINIncompleteCallback
 .text.HAL_PCD_ConnectCallback
                0x000000000800818c       0x1c ./USB_DEVICE/Target/usbd_conf.o
                0x000000000800818c                HAL_PCD_ConnectCallback
 .text.HAL_PCD_DisconnectCallback
                0x00000000080081a8       0x1c ./USB_DEVICE/Target/usbd_conf.o
                0x00000000080081a8                HAL_PCD_DisconnectCallback
 .text.USBD_LL_Init
                0x00000000080081c4       0x98 ./USB_DEVICE/Target/usbd_conf.o
                0x00000000080081c4                USBD_LL_Init
 .text.USBD_LL_Start
                0x000000000800825c       0x36 ./USB_DEVICE/Target/usbd_conf.o
                0x000000000800825c                USBD_LL_Start
 .text.USBD_LL_OpenEP
                0x0000000008008292       0x4c ./USB_DEVICE/Target/usbd_conf.o
                0x0000000008008292                USBD_LL_OpenEP
 .text.USBD_LL_CloseEP
                0x00000000080082de       0x3e ./USB_DEVICE/Target/usbd_conf.o
                0x00000000080082de                USBD_LL_CloseEP
 .text.USBD_LL_StallEP
                0x000000000800831c       0x3e ./USB_DEVICE/Target/usbd_conf.o
                0x000000000800831c                USBD_LL_StallEP
 .text.USBD_LL_ClearStallEP
                0x000000000800835a       0x3e ./USB_DEVICE/Target/usbd_conf.o
                0x000000000800835a                USBD_LL_ClearStallEP
 .text.USBD_LL_IsStallEP
                0x0000000008008398       0x58 ./USB_DEVICE/Target/usbd_conf.o
                0x0000000008008398                USBD_LL_IsStallEP
 .text.USBD_LL_SetUSBAddress
                0x00000000080083f0       0x3e ./USB_DEVICE/Target/usbd_conf.o
                0x00000000080083f0                USBD_LL_SetUSBAddress
 .text.USBD_LL_Transmit
                0x000000000800842e       0x42 ./USB_DEVICE/Target/usbd_conf.o
                0x000000000800842e                USBD_LL_Transmit
 .text.USBD_LL_PrepareReceive
                0x0000000008008470       0x42 ./USB_DEVICE/Target/usbd_conf.o
                0x0000000008008470                USBD_LL_PrepareReceive
 *fill*         0x00000000080084b2        0x2 
 .text.USBD_static_malloc
                0x00000000080084b4       0x1c ./USB_DEVICE/Target/usbd_conf.o
                0x00000000080084b4                USBD_static_malloc
 .text.USBD_static_free
                0x00000000080084d0       0x14 ./USB_DEVICE/Target/usbd_conf.o
                0x00000000080084d0                USBD_static_free
 .text.USBD_Get_USB_Status
                0x00000000080084e4       0x58 ./USB_DEVICE/Target/usbd_conf.o
                0x00000000080084e4                USBD_Get_USB_Status
 .text.memset   0x000000000800853c       0x10 C:/ST/STM32CubeIDE_1.14.1/STM32CubeIDE/plugins/com.st.stm32cube.ide.mcu.externaltools.gnu-tools-for-stm32.11.3.rel1.win32_1.1.100.202309141235/tools/bin/../lib/gcc/arm-none-eabi/11.3.1/../../../../arm-none-eabi/lib/thumb/v7e-m+fp/hard\libc_nano.a(libc_a-memset.o)
                0x000000000800853c                memset
 .text.__libc_init_array
                0x000000000800854c       0x48 C:/ST/STM32CubeIDE_1.14.1/STM32CubeIDE/plugins/com.st.stm32cube.ide.mcu.externaltools.gnu-tools-for-stm32.11.3.rel1.win32_1.1.100.202309141235/tools/bin/../lib/gcc/arm-none-eabi/11.3.1/../../../../arm-none-eabi/lib/thumb/v7e-m+fp/hard\libc_nano.a(libc_a-init.o)
                0x000000000800854c                __libc_init_array
 *(.glue_7)
 .glue_7        0x0000000008008594        0x0 linker stubs
 *(.glue_7t)
 .glue_7t       0x0000000008008594        0x0 linker stubs
 *(.eh_frame)
 .eh_frame      0x0000000008008594        0x0 C:/ST/STM32CubeIDE_1.14.1/STM32CubeIDE/plugins/com.st.stm32cube.ide.mcu.externaltools.gnu-tools-for-stm32.11.3.rel1.win32_1.1.100.202309141235/tools/bin/../lib/gcc/arm-none-eabi/11.3.1/thumb/v7e-m+fp/hard/crtbegin.o
 *(.init)
 .init          0x0000000008008594        0x4 C:/ST/STM32CubeIDE_1.14.1/STM32CubeIDE/plugins/com.st.stm32cube.ide.mcu.externaltools.gnu-tools-for-stm32.11.3.rel1.win32_1.1.100.202309141235/tools/bin/../lib/gcc/arm-none-eabi/11.3.1/thumb/v7e-m+fp/hard/crti.o
                0x0000000008008594                _init
 .init          0x0000000008008598        0x8 C:/ST/STM32CubeIDE_1.14.1/STM32CubeIDE/plugins/com.st.stm32cube.ide.mcu.externaltools.gnu-tools-for-stm32.11.3.rel1.win32_1.1.100.202309141235/tools/bin/../lib/gcc/arm-none-eabi/11.3.1/thumb/v7e-m+fp/hard/crtn.o
 *(.fini)
 .fini          0x00000000080085a0        0x4 C:/ST/STM32CubeIDE_1.14.1/STM32CubeIDE/plugins/com.st.stm32cube.ide.mcu.externaltools.gnu-tools-for-stm32.11.3.rel1.win32_1.1.100.202309141235/tools/bin/../lib/gcc/arm-none-eabi/11.3.1/thumb/v7e-m+fp/hard/crti.o
                0x00000000080085a0                _fini
 .fini          0x00000000080085a4        0x8 C:/ST/STM32CubeIDE_1.14.1/STM32CubeIDE/plugins/com.st.stm32cube.ide.mcu.externaltools.gnu-tools-for-stm32.11.3.rel1.win32_1.1.100.202309141235/tools/bin/../lib/gcc/arm-none-eabi/11.3.1/thumb/v7e-m+fp/hard/crtn.o
                0x00000000080085ac                . = ALIGN (0x4)
                0x00000000080085ac                _etext = .

.vfp11_veneer   0x00000000080085ac        0x0
 .vfp11_veneer  0x00000000080085ac        0x0 linker stubs

.v4_bx          0x00000000080085ac        0x0
 .v4_bx         0x00000000080085ac        0x0 linker stubs

.iplt           0x00000000080085ac        0x0
 .iplt          0x00000000080085ac        0x0 C:/ST/STM32CubeIDE_1.14.1/STM32CubeIDE/plugins/com.st.stm32cube.ide.mcu.externaltools.gnu-tools-for-stm32.11.3.rel1.win32_1.1.100.202309141235/tools/bin/../lib/gcc/arm-none-eabi/11.3.1/thumb/v7e-m+fp/hard/crtbegin.o

.rodata         0x00000000080085ac       0x5c
                0x00000000080085ac                . = ALIGN (0x4)
 *(.rodata)
 .rodata        0x00000000080085ac       0x42 ./USB_DEVICE/App/usbd_desc.o
 *(.rodata*)
 *fill*         0x00000000080085ee        0x2 
 .rodata.AHBPrescTable
                0x00000000080085f0       0x10 ./Core/Src/system_stm32f4xx.o
                0x00000000080085f0                AHBPrescTable
 .rodata.APBPrescTable
                0x0000000008008600        0x8 ./Core/Src/system_stm32f4xx.o
                0x0000000008008600                APBPrescTable
                0x0000000008008608                . = ALIGN (0x4)

.ARM.extab      0x0000000008008608        0x0
                0x0000000008008608                . = ALIGN (0x4)
 *(.ARM.extab* .gnu.linkonce.armextab.*)
                0x0000000008008608                . = ALIGN (0x4)

.ARM            0x0000000008008608        0x8
                0x0000000008008608                . = ALIGN (0x4)
                0x0000000008008608                __exidx_start = .
 *(.ARM.exidx*)
 .ARM.exidx     0x0000000008008608        0x8 C:/ST/STM32CubeIDE_1.14.1/STM32CubeIDE/plugins/com.st.stm32cube.ide.mcu.externaltools.gnu-tools-for-stm32.11.3.rel1.win32_1.1.100.202309141235/tools/bin/../lib/gcc/arm-none-eabi/11.3.1/thumb/v7e-m+fp/hard\libgcc.a(_udivmoddi4.o)
                0x0000000008008610                __exidx_end = .
                0x0000000008008610                . = ALIGN (0x4)

.rel.dyn        0x0000000008008610        0x0
 .rel.iplt      0x0000000008008610        0x0 C:/ST/STM32CubeIDE_1.14.1/STM32CubeIDE/plugins/com.st.stm32cube.ide.mcu.externaltools.gnu-tools-for-stm32.11.3.rel1.win32_1.1.100.202309141235/tools/bin/../lib/gcc/arm-none-eabi/11.3.1/thumb/v7e-m+fp/hard/crtbegin.o

.preinit_array  0x0000000008008610        0x0
                0x0000000008008610                . = ALIGN (0x4)
                0x0000000008008610                PROVIDE (__preinit_array_start = .)
 *(.preinit_array*)
                0x0000000008008610                PROVIDE (__preinit_array_end = .)
                0x0000000008008610                . = ALIGN (0x4)

.init_array     0x0000000008008610        0x4
                0x0000000008008610                . = ALIGN (0x4)
                0x0000000008008610                PROVIDE (__init_array_start = .)
 *(SORT_BY_NAME(.init_array.*))
 *(.init_array*)
 .init_array    0x0000000008008610        0x4 C:/ST/STM32CubeIDE_1.14.1/STM32CubeIDE/plugins/com.st.stm32cube.ide.mcu.externaltools.gnu-tools-for-stm32.11.3.rel1.win32_1.1.100.202309141235/tools/bin/../lib/gcc/arm-none-eabi/11.3.1/thumb/v7e-m+fp/hard/crtbegin.o
                0x0000000008008614                PROVIDE (__init_array_end = .)
                0x0000000008008614                . = ALIGN (0x4)

.fini_array     0x0000000008008614        0x4
                0x0000000008008614                . = ALIGN (0x4)
                [!provide]                        PROVIDE (__fini_array_start = .)
 *(SORT_BY_NAME(.fini_array.*))
 *(.fini_array*)
 .fini_array    0x0000000008008614        0x4 C:/ST/STM32CubeIDE_1.14.1/STM32CubeIDE/plugins/com.st.stm32cube.ide.mcu.externaltools.gnu-tools-for-stm32.11.3.rel1.win32_1.1.100.202309141235/tools/bin/../lib/gcc/arm-none-eabi/11.3.1/thumb/v7e-m+fp/hard/crtbegin.o
                [!provide]                        PROVIDE (__fini_array_end = .)
                0x0000000008008618                . = ALIGN (0x4)
                0x0000000008008618                _sidata = LOADADDR (.data)

.data           0x0000000020000000      0x124 load address 0x0000000008008618
                0x0000000020000000                . = ALIGN (0x4)
                0x0000000020000000                _sdata = .
 *(.data)
 *(.data*)
 .data.min_xval
                0x0000000020000000        0x2 ./Core/Src/main.o
                0x0000000020000000                min_xval
 .data.max_xval
                0x0000000020000002        0x2 ./Core/Src/main.o
                0x0000000020000002                max_xval
 .data.min_yval
                0x0000000020000004        0x2 ./Core/Src/main.o
                0x0000000020000004                min_yval
 .data.max_yval
                0x0000000020000006        0x2 ./Core/Src/main.o
                0x0000000020000006                max_yval
 .data.SystemCoreClock
                0x0000000020000008        0x4 ./Core/Src/system_stm32f4xx.o
                0x0000000020000008                SystemCoreClock
 .data.uwTickPrio
                0x000000002000000c        0x4 ./Drivers/STM32F4xx_HAL_Driver/Src/stm32f4xx_hal.o
                0x000000002000000c                uwTickPrio
 .data.uwTickFreq
                0x0000000020000010        0x1 ./Drivers/STM32F4xx_HAL_Driver/Src/stm32f4xx_hal.o
                0x0000000020000010                uwTickFreq
 *fill*         0x0000000020000011        0x3 
 .data.USBD_HID
                0x0000000020000014       0x38 ./Middlewares/ST/STM32_USB_Device_Library/Class/HID/Src/usbd_hid.o
                0x0000000020000014                USBD_HID
 .data.USBD_HID_CfgDesc
                0x000000002000004c       0x22 ./Middlewares/ST/STM32_USB_Device_Library/Class/HID/Src/usbd_hid.o
 *fill*         0x000000002000006e        0x2 
 .data.USBD_HID_Desc
                0x0000000020000070        0x9 ./Middlewares/ST/STM32_USB_Device_Library/Class/HID/Src/usbd_hid.o
 *fill*         0x0000000020000079        0x3 
 .data.USBD_HID_DeviceQualifierDesc
                0x000000002000007c        0xa ./Middlewares/ST/STM32_USB_Device_Library/Class/HID/Src/usbd_hid.o
 *fill*         0x0000000020000086        0x2 
 .data.HID_MOUSE_ReportDesc
                0x0000000020000088       0x4a ./Middlewares/ST/STM32_USB_Device_Library/Class/HID/Src/usbd_hid.o
 .data.HIDInEpAdd
                0x00000000200000d2        0x1 ./Middlewares/ST/STM32_USB_Device_Library/Class/HID/Src/usbd_hid.o
 *fill*         0x00000000200000d3        0x1 
 .data.FS_Desc  0x00000000200000d4       0x1c ./USB_DEVICE/App/usbd_desc.o
                0x00000000200000d4                FS_Desc
 .data.USBD_FS_DeviceDesc
                0x00000000200000f0       0x12 ./USB_DEVICE/App/usbd_desc.o
                0x00000000200000f0                USBD_FS_DeviceDesc
 *fill*         0x0000000020000102        0x2 
 .data.USBD_LangIDDesc
                0x0000000020000104        0x4 ./USB_DEVICE/App/usbd_desc.o
                0x0000000020000104                USBD_LangIDDesc
 .data.USBD_StringSerial
                0x0000000020000108       0x1a ./USB_DEVICE/App/usbd_desc.o
                0x0000000020000108                USBD_StringSerial
 *(.RamFunc)
 *(.RamFunc*)
                0x0000000020000124                . = ALIGN (0x4)
 *fill*         0x0000000020000122        0x2 
                0x0000000020000124                _edata = .
                0x000000000800873c                _siccmram = LOADADDR (.ccmram)

.igot.plt       0x0000000020000124        0x0 load address 0x000000000800873c
 .igot.plt      0x0000000020000124        0x0 C:/ST/STM32CubeIDE_1.14.1/STM32CubeIDE/plugins/com.st.stm32cube.ide.mcu.externaltools.gnu-tools-for-stm32.11.3.rel1.win32_1.1.100.202309141235/tools/bin/../lib/gcc/arm-none-eabi/11.3.1/thumb/v7e-m+fp/hard/crtbegin.o

.ccmram         0x0000000010000000        0x0 load address 0x000000000800873c
                0x0000000010000000                . = ALIGN (0x4)
                0x0000000010000000                _sccmram = .
 *(.ccmram)
 *(.ccmram*)
                0x0000000010000000                . = ALIGN (0x4)
                0x0000000010000000                _eccmram = .
                0x0000000010000000                . = ALIGN (0x4)

.bss            0x0000000020000124      0xb2c
                0x0000000020000124                _sbss = .
                0x0000000020000124                __bss_start__ = _sbss
 *(.bss)
 .bss           0x0000000020000124       0x1c C:/ST/STM32CubeIDE_1.14.1/STM32CubeIDE/plugins/com.st.stm32cube.ide.mcu.externaltools.gnu-tools-for-stm32.11.3.rel1.win32_1.1.100.202309141235/tools/bin/../lib/gcc/arm-none-eabi/11.3.1/thumb/v7e-m+fp/hard/crtbegin.o
 *(.bss*)
 .bss.hi2c1     0x0000000020000140       0x54 ./Core/Src/i2c.o
                0x0000000020000140                hi2c1
 .bss.hi2s3     0x0000000020000194       0x48 ./Core/Src/i2s.o
                0x0000000020000194                hi2s3
 .bss.KeyState  0x00000000200001dc        0x4 ./Core/Src/main.o
                0x00000000200001dc                KeyState
 .bss.indata    0x00000000200001e0        0x2 ./Core/Src/main.o
                0x00000000200001e0                indata
 *fill*         0x00000000200001e2        0x2 
 .bss.outdata   0x00000000200001e4        0x2 ./Core/Src/main.o
                0x00000000200001e4                outdata
 .bss.lis_id    0x00000000200001e6        0x1 ./Core/Src/main.o
                0x00000000200001e6                lis_id
 .bss.AccelX    0x00000000200001e7        0x1 ./Core/Src/main.o
                0x00000000200001e7                AccelX
 .bss.AccelY    0x00000000200001e8        0x1 ./Core/Src/main.o
                0x00000000200001e8                AccelY
 .bss.AccelZ    0x00000000200001e9        0x1 ./Core/Src/main.o
                0x00000000200001e9                AccelZ
 .bss.newxval   0x00000000200001ea        0x2 ./Core/Src/main.o
                0x00000000200001ea                newxval
 .bss.newyval   0x00000000200001ec        0x2 ./Core/Src/main.o
                0x00000000200001ec                newyval
 .bss.button_flag
                0x00000000200001ee        0x1 ./Core/Src/main.o
                0x00000000200001ee                button_flag
 *fill*         0x00000000200001ef        0x1 
 .bss.mousehid  0x00000000200001f0        0x4 ./Core/Src/main.o
                0x00000000200001f0                mousehid
 .bss.hspi1     0x00000000200001f4       0x58 ./Core/Src/spi.o
                0x00000000200001f4                hspi1
 .bss.uwTick    0x000000002000024c        0x4 ./Drivers/STM32F4xx_HAL_Driver/Src/stm32f4xx_hal.o
                0x000000002000024c                uwTick
 .bss.cfgidx.0  0x0000000020000250        0x1 ./Middlewares/ST/STM32_USB_Device_Library/Core/Src/usbd_ctlreq.o
 *fill*         0x0000000020000251        0x3 
 .bss.hUsbDeviceFS
                0x0000000020000254      0x2dc ./USB_DEVICE/App/usb_device.o
                0x0000000020000254                hUsbDeviceFS
 .bss.USBD_StrDesc
                0x0000000020000530      0x200 ./USB_DEVICE/App/usbd_desc.o
                0x0000000020000530                USBD_StrDesc
 .bss.hpcd_USB_OTG_FS
                0x0000000020000730      0x50c ./USB_DEVICE/Target/usbd_conf.o
                0x0000000020000730                hpcd_USB_OTG_FS
 .bss.mem.0     0x0000000020000c3c       0x14 ./USB_DEVICE/Target/usbd_conf.o
 *(COMMON)
                0x0000000020000c50                . = ALIGN (0x4)
                0x0000000020000c50                _ebss = .
                0x0000000020000c50                __bss_end__ = _ebss

._user_heap_stack
                0x0000000020000c50      0x600
                0x0000000020000c50                . = ALIGN (0x8)
                [!provide]                        PROVIDE (end = .)
                0x0000000020000c50                PROVIDE (_end = .)
                0x0000000020000e50                . = (. + _Min_Heap_Size)
 *fill*         0x0000000020000c50      0x200 
                0x0000000020001250                . = (. + _Min_Stack_Size)
 *fill*         0x0000000020000e50      0x400 
                0x0000000020001250                . = ALIGN (0x8)

/DISCARD/
 libc.a(*)
 libm.a(*)
 libgcc.a(*)

.ARM.attributes
                0x0000000000000000       0x30
 *(.ARM.attributes)
 .ARM.attributes
                0x0000000000000000       0x1e C:/ST/STM32CubeIDE_1.14.1/STM32CubeIDE/plugins/com.st.stm32cube.ide.mcu.externaltools.gnu-tools-for-stm32.11.3.rel1.win32_1.1.100.202309141235/tools/bin/../lib/gcc/arm-none-eabi/11.3.1/thumb/v7e-m+fp/hard/crti.o
 .ARM.attributes
                0x000000000000001e       0x34 C:/ST/STM32CubeIDE_1.14.1/STM32CubeIDE/plugins/com.st.stm32cube.ide.mcu.externaltools.gnu-tools-for-stm32.11.3.rel1.win32_1.1.100.202309141235/tools/bin/../lib/gcc/arm-none-eabi/11.3.1/thumb/v7e-m+fp/hard/crtbegin.o
 .ARM.attributes
                0x0000000000000052       0x34 ./Core/Src/gpio.o
 .ARM.attributes
                0x0000000000000086       0x34 ./Core/Src/i2c.o
 .ARM.attributes
                0x00000000000000ba       0x34 ./Core/Src/i2s.o
 .ARM.attributes
                0x00000000000000ee       0x34 ./Core/Src/main.o
 .ARM.attributes
                0x0000000000000122       0x34 ./Core/Src/spi.o
 .ARM.attributes
                0x0000000000000156       0x34 ./Core/Src/stm32f4xx_hal_msp.o
 .ARM.attributes
                0x000000000000018a       0x34 ./Core/Src/stm32f4xx_it.o
 .ARM.attributes
                0x00000000000001be       0x34 ./Core/Src/system_stm32f4xx.o
 .ARM.attributes
                0x00000000000001f2       0x21 ./Core/Startup/startup_stm32f407vgtx.o
 .ARM.attributes
                0x0000000000000213       0x34 ./Drivers/STM32F4xx_HAL_Driver/Src/stm32f4xx_hal.o
 .ARM.attributes
                0x0000000000000247       0x34 ./Drivers/STM32F4xx_HAL_Driver/Src/stm32f4xx_hal_cortex.o
 .ARM.attributes
                0x000000000000027b       0x34 ./Drivers/STM32F4xx_HAL_Driver/Src/stm32f4xx_hal_gpio.o
 .ARM.attributes
                0x00000000000002af       0x34 ./Drivers/STM32F4xx_HAL_Driver/Src/stm32f4xx_hal_i2c.o
 .ARM.attributes
                0x00000000000002e3       0x34 ./Drivers/STM32F4xx_HAL_Driver/Src/stm32f4xx_hal_i2s.o
 .ARM.attributes
                0x0000000000000317       0x34 ./Drivers/STM32F4xx_HAL_Driver/Src/stm32f4xx_hal_i2s_ex.o
 .ARM.attributes
                0x000000000000034b       0x34 ./Drivers/STM32F4xx_HAL_Driver/Src/stm32f4xx_hal_pcd.o
 .ARM.attributes
                0x000000000000037f       0x34 ./Drivers/STM32F4xx_HAL_Driver/Src/stm32f4xx_hal_pcd_ex.o
 .ARM.attributes
                0x00000000000003b3       0x34 ./Drivers/STM32F4xx_HAL_Driver/Src/stm32f4xx_hal_rcc.o
 .ARM.attributes
                0x00000000000003e7       0x34 ./Drivers/STM32F4xx_HAL_Driver/Src/stm32f4xx_hal_rcc_ex.o
 .ARM.attributes
                0x000000000000041b       0x34 ./Drivers/STM32F4xx_HAL_Driver/Src/stm32f4xx_hal_spi.o
 .ARM.attributes
                0x000000000000044f       0x34 ./Drivers/STM32F4xx_HAL_Driver/Src/stm32f4xx_ll_usb.o
 .ARM.attributes
                0x0000000000000483       0x34 ./Middlewares/ST/STM32_USB_Device_Library/Class/HID/Src/usbd_hid.o
 .ARM.attributes
                0x00000000000004b7       0x34 ./Middlewares/ST/STM32_USB_Device_Library/Core/Src/usbd_core.o
 .ARM.attributes
                0x00000000000004eb       0x34 ./Middlewares/ST/STM32_USB_Device_Library/Core/Src/usbd_ctlreq.o
 .ARM.attributes
                0x000000000000051f       0x34 ./Middlewares/ST/STM32_USB_Device_Library/Core/Src/usbd_ioreq.o
 .ARM.attributes
                0x0000000000000553       0x34 ./USB_DEVICE/App/usb_device.o
 .ARM.attributes
                0x0000000000000587       0x34 ./USB_DEVICE/App/usbd_desc.o
 .ARM.attributes
                0x00000000000005bb       0x34 ./USB_DEVICE/Target/usbd_conf.o
 .ARM.attributes
                0x00000000000005ef       0x34 C:/ST/STM32CubeIDE_1.14.1/STM32CubeIDE/plugins/com.st.stm32cube.ide.mcu.externaltools.gnu-tools-for-stm32.11.3.rel1.win32_1.1.100.202309141235/tools/bin/../lib/gcc/arm-none-eabi/11.3.1/../../../../arm-none-eabi/lib/thumb/v7e-m+fp/hard\libc_nano.a(libc_a-memset.o)
 .ARM.attributes
                0x0000000000000623       0x34 C:/ST/STM32CubeIDE_1.14.1/STM32CubeIDE/plugins/com.st.stm32cube.ide.mcu.externaltools.gnu-tools-for-stm32.11.3.rel1.win32_1.1.100.202309141235/tools/bin/../lib/gcc/arm-none-eabi/11.3.1/../../../../arm-none-eabi/lib/thumb/v7e-m+fp/hard\libc_nano.a(libc_a-init.o)
 .ARM.attributes
                0x0000000000000657       0x1e C:/ST/STM32CubeIDE_1.14.1/STM32CubeIDE/plugins/com.st.stm32cube.ide.mcu.externaltools.gnu-tools-for-stm32.11.3.rel1.win32_1.1.100.202309141235/tools/bin/../lib/gcc/arm-none-eabi/11.3.1/thumb/v7e-m+fp/hard\libgcc.a(_aeabi_uldivmod.o)
 .ARM.attributes
                0x0000000000000675       0x34 C:/ST/STM32CubeIDE_1.14.1/STM32CubeIDE/plugins/com.st.stm32cube.ide.mcu.externaltools.gnu-tools-for-stm32.11.3.rel1.win32_1.1.100.202309141235/tools/bin/../lib/gcc/arm-none-eabi/11.3.1/thumb/v7e-m+fp/hard\libgcc.a(_udivmoddi4.o)
 .ARM.attributes
                0x00000000000006a9       0x1e C:/ST/STM32CubeIDE_1.14.1/STM32CubeIDE/plugins/com.st.stm32cube.ide.mcu.externaltools.gnu-tools-for-stm32.11.3.rel1.win32_1.1.100.202309141235/tools/bin/../lib/gcc/arm-none-eabi/11.3.1/thumb/v7e-m+fp/hard\libgcc.a(_dvmd_tls.o)
 .ARM.attributes
                0x00000000000006c7       0x1e C:/ST/STM32CubeIDE_1.14.1/STM32CubeIDE/plugins/com.st.stm32cube.ide.mcu.externaltools.gnu-tools-for-stm32.11.3.rel1.win32_1.1.100.202309141235/tools/bin/../lib/gcc/arm-none-eabi/11.3.1/thumb/v7e-m+fp/hard/crtn.o
OUTPUT(STMasMouse.elf elf32-littlearm)
LOAD linker stubs
LOAD C:/ST/STM32CubeIDE_1.14.1/STM32CubeIDE/plugins/com.st.stm32cube.ide.mcu.externaltools.gnu-tools-for-stm32.11.3.rel1.win32_1.1.100.202309141235/tools/bin/../lib/gcc/arm-none-eabi/11.3.1/../../../../arm-none-eabi/lib/thumb/v7e-m+fp/hard\libc.a
LOAD C:/ST/STM32CubeIDE_1.14.1/STM32CubeIDE/plugins/com.st.stm32cube.ide.mcu.externaltools.gnu-tools-for-stm32.11.3.rel1.win32_1.1.100.202309141235/tools/bin/../lib/gcc/arm-none-eabi/11.3.1/../../../../arm-none-eabi/lib/thumb/v7e-m+fp/hard\libm.a
LOAD C:/ST/STM32CubeIDE_1.14.1/STM32CubeIDE/plugins/com.st.stm32cube.ide.mcu.externaltools.gnu-tools-for-stm32.11.3.rel1.win32_1.1.100.202309141235/tools/bin/../lib/gcc/arm-none-eabi/11.3.1/thumb/v7e-m+fp/hard\libgcc.a

.comment        0x0000000000000000       0x43
 .comment       0x0000000000000000       0x43 C:/ST/STM32CubeIDE_1.14.1/STM32CubeIDE/plugins/com.st.stm32cube.ide.mcu.externaltools.gnu-tools-for-stm32.11.3.rel1.win32_1.1.100.202309141235/tools/bin/../lib/gcc/arm-none-eabi/11.3.1/thumb/v7e-m+fp/hard/crtbegin.o
                                         0x44 (size before relaxing)
 .comment       0x0000000000000043       0x44 ./Core/Src/gpio.o
 .comment       0x0000000000000043       0x44 ./Core/Src/i2c.o
 .comment       0x0000000000000043       0x44 ./Core/Src/i2s.o
 .comment       0x0000000000000043       0x44 ./Core/Src/main.o
 .comment       0x0000000000000043       0x44 ./Core/Src/spi.o
 .comment       0x0000000000000043       0x44 ./Core/Src/stm32f4xx_hal_msp.o
 .comment       0x0000000000000043       0x44 ./Core/Src/stm32f4xx_it.o
 .comment       0x0000000000000043       0x44 ./Core/Src/system_stm32f4xx.o
 .comment       0x0000000000000043       0x44 ./Drivers/STM32F4xx_HAL_Driver/Src/stm32f4xx_hal.o
 .comment       0x0000000000000043       0x44 ./Drivers/STM32F4xx_HAL_Driver/Src/stm32f4xx_hal_cortex.o
 .comment       0x0000000000000043       0x44 ./Drivers/STM32F4xx_HAL_Driver/Src/stm32f4xx_hal_gpio.o
 .comment       0x0000000000000043       0x44 ./Drivers/STM32F4xx_HAL_Driver/Src/stm32f4xx_hal_i2c.o
 .comment       0x0000000000000043       0x44 ./Drivers/STM32F4xx_HAL_Driver/Src/stm32f4xx_hal_i2s.o
 .comment       0x0000000000000043       0x44 ./Drivers/STM32F4xx_HAL_Driver/Src/stm32f4xx_hal_i2s_ex.o
 .comment       0x0000000000000043       0x44 ./Drivers/STM32F4xx_HAL_Driver/Src/stm32f4xx_hal_pcd.o
 .comment       0x0000000000000043       0x44 ./Drivers/STM32F4xx_HAL_Driver/Src/stm32f4xx_hal_pcd_ex.o
 .comment       0x0000000000000043       0x44 ./Drivers/STM32F4xx_HAL_Driver/Src/stm32f4xx_hal_rcc.o
 .comment       0x0000000000000043       0x44 ./Drivers/STM32F4xx_HAL_Driver/Src/stm32f4xx_hal_rcc_ex.o
 .comment       0x0000000000000043       0x44 ./Drivers/STM32F4xx_HAL_Driver/Src/stm32f4xx_hal_spi.o
 .comment       0x0000000000000043       0x44 ./Drivers/STM32F4xx_HAL_Driver/Src/stm32f4xx_ll_usb.o
 .comment       0x0000000000000043       0x44 ./Middlewares/ST/STM32_USB_Device_Library/Class/HID/Src/usbd_hid.o
 .comment       0x0000000000000043       0x44 ./Middlewares/ST/STM32_USB_Device_Library/Core/Src/usbd_core.o
 .comment       0x0000000000000043       0x44 ./Middlewares/ST/STM32_USB_Device_Library/Core/Src/usbd_ctlreq.o
 .comment       0x0000000000000043       0x44 ./Middlewares/ST/STM32_USB_Device_Library/Core/Src/usbd_ioreq.o
 .comment       0x0000000000000043       0x44 ./USB_DEVICE/App/usb_device.o
 .comment       0x0000000000000043       0x44 ./USB_DEVICE/App/usbd_desc.o
 .comment       0x0000000000000043       0x44 ./USB_DEVICE/Target/usbd_conf.o

.debug_info     0x0000000000000000    0x14818
 .debug_info    0x0000000000000000      0x6b2 ./Core/Src/gpio.o
 .debug_info    0x00000000000006b2      0x968 ./Core/Src/i2c.o
 .debug_info    0x000000000000101a      0xa2c ./Core/Src/i2s.o
 .debug_info    0x0000000000001a46     0x1270 ./Core/Src/main.o
 .debug_info    0x0000000000002cb6      0x943 ./Core/Src/spi.o
 .debug_info    0x00000000000035f9      0x27c ./Core/Src/stm32f4xx_hal_msp.o
 .debug_info    0x0000000000003875      0x631 ./Core/Src/stm32f4xx_it.o
 .debug_info    0x0000000000003ea6      0x512 ./Core/Src/system_stm32f4xx.o
 .debug_info    0x00000000000043b8       0x23 ./Core/Startup/startup_stm32f407vgtx.o
 .debug_info    0x00000000000043db      0x948 ./Drivers/STM32F4xx_HAL_Driver/Src/stm32f4xx_hal.o
 .debug_info    0x0000000000004d23      0xd46 ./Drivers/STM32F4xx_HAL_Driver/Src/stm32f4xx_hal_cortex.o
 .debug_info    0x0000000000005a69      0x6c3 ./Drivers/STM32F4xx_HAL_Driver/Src/stm32f4xx_hal_gpio.o
 .debug_info    0x000000000000612c     0x23e1 ./Drivers/STM32F4xx_HAL_Driver/Src/stm32f4xx_hal_i2c.o
 .debug_info    0x000000000000850d      0xdf8 ./Drivers/STM32F4xx_HAL_Driver/Src/stm32f4xx_hal_i2s.o
 .debug_info    0x0000000000009305      0xaeb ./Drivers/STM32F4xx_HAL_Driver/Src/stm32f4xx_hal_i2s_ex.o
 .debug_info    0x0000000000009df0     0x1541 ./Drivers/STM32F4xx_HAL_Driver/Src/stm32f4xx_hal_pcd.o
 .debug_info    0x000000000000b331      0x6d2 ./Drivers/STM32F4xx_HAL_Driver/Src/stm32f4xx_hal_pcd_ex.o
 .debug_info    0x000000000000ba03      0x8b1 ./Drivers/STM32F4xx_HAL_Driver/Src/stm32f4xx_hal_rcc.o
 .debug_info    0x000000000000c2b4      0x53a ./Drivers/STM32F4xx_HAL_Driver/Src/stm32f4xx_hal_rcc_ex.o
 .debug_info    0x000000000000c7ee     0x15fb ./Drivers/STM32F4xx_HAL_Driver/Src/stm32f4xx_hal_spi.o
 .debug_info    0x000000000000dde9     0x18f6 ./Drivers/STM32F4xx_HAL_Driver/Src/stm32f4xx_ll_usb.o
 .debug_info    0x000000000000f6df      0xa84 ./Middlewares/ST/STM32_USB_Device_Library/Class/HID/Src/usbd_hid.o
 .debug_info    0x0000000000010163      0xe05 ./Middlewares/ST/STM32_USB_Device_Library/Core/Src/usbd_core.o
 .debug_info    0x0000000000010f68      0xade ./Middlewares/ST/STM32_USB_Device_Library/Core/Src/usbd_ctlreq.o
 .debug_info    0x0000000000011a46      0x755 ./Middlewares/ST/STM32_USB_Device_Library/Core/Src/usbd_ioreq.o
 .debug_info    0x000000000001219b      0x5ef ./USB_DEVICE/App/usb_device.o
 .debug_info    0x000000000001278a      0x455 ./USB_DEVICE/App/usbd_desc.o
 .debug_info    0x0000000000012bdf     0x1c39 ./USB_DEVICE/Target/usbd_conf.o

.debug_abbrev   0x0000000000000000     0x3aaf
 .debug_abbrev  0x0000000000000000      0x174 ./Core/Src/gpio.o
 .debug_abbrev  0x0000000000000174      0x1f1 ./Core/Src/i2c.o
 .debug_abbrev  0x0000000000000365      0x1ee ./Core/Src/i2s.o
 .debug_abbrev  0x0000000000000553      0x2e0 ./Core/Src/main.o
 .debug_abbrev  0x0000000000000833      0x1f3 ./Core/Src/spi.o
 .debug_abbrev  0x0000000000000a26       0xf4 ./Core/Src/stm32f4xx_hal_msp.o
 .debug_abbrev  0x0000000000000b1a      0x1b9 ./Core/Src/stm32f4xx_it.o
 .debug_abbrev  0x0000000000000cd3      0x11a ./Core/Src/system_stm32f4xx.o
 .debug_abbrev  0x0000000000000ded       0x12 ./Core/Startup/startup_stm32f407vgtx.o
 .debug_abbrev  0x0000000000000dff      0x213 ./Drivers/STM32F4xx_HAL_Driver/Src/stm32f4xx_hal.o
 .debug_abbrev  0x0000000000001012      0x327 ./Drivers/STM32F4xx_HAL_Driver/Src/stm32f4xx_hal_cortex.o
 .debug_abbrev  0x0000000000001339      0x1d4 ./Drivers/STM32F4xx_HAL_Driver/Src/stm32f4xx_hal_gpio.o
 .debug_abbrev  0x000000000000150d      0x2ad ./Drivers/STM32F4xx_HAL_Driver/Src/stm32f4xx_hal_i2c.o
 .debug_abbrev  0x00000000000017ba      0x256 ./Drivers/STM32F4xx_HAL_Driver/Src/stm32f4xx_hal_i2s.o
 .debug_abbrev  0x0000000000001a10      0x288 ./Drivers/STM32F4xx_HAL_Driver/Src/stm32f4xx_hal_i2s_ex.o
 .debug_abbrev  0x0000000000001c98      0x2d0 ./Drivers/STM32F4xx_HAL_Driver/Src/stm32f4xx_hal_pcd.o
 .debug_abbrev  0x0000000000001f68      0x1da ./Drivers/STM32F4xx_HAL_Driver/Src/stm32f4xx_hal_pcd_ex.o
 .debug_abbrev  0x0000000000002142      0x2b6 ./Drivers/STM32F4xx_HAL_Driver/Src/stm32f4xx_hal_rcc.o
 .debug_abbrev  0x00000000000023f8      0x1af ./Drivers/STM32F4xx_HAL_Driver/Src/stm32f4xx_hal_rcc_ex.o
 .debug_abbrev  0x00000000000025a7      0x284 ./Drivers/STM32F4xx_HAL_Driver/Src/stm32f4xx_hal_spi.o
 .debug_abbrev  0x000000000000282b      0x2ac ./Drivers/STM32F4xx_HAL_Driver/Src/stm32f4xx_ll_usb.o
 .debug_abbrev  0x0000000000002ad7      0x2a2 ./Middlewares/ST/STM32_USB_Device_Library/Class/HID/Src/usbd_hid.o
 .debug_abbrev  0x0000000000002d79      0x27c ./Middlewares/ST/STM32_USB_Device_Library/Core/Src/usbd_core.o
 .debug_abbrev  0x0000000000002ff5      0x26f ./Middlewares/ST/STM32_USB_Device_Library/Core/Src/usbd_ctlreq.o
 .debug_abbrev  0x0000000000003264      0x19a ./Middlewares/ST/STM32_USB_Device_Library/Core/Src/usbd_ioreq.o
 .debug_abbrev  0x00000000000033fe      0x190 ./USB_DEVICE/App/usb_device.o
 .debug_abbrev  0x000000000000358e      0x1e2 ./USB_DEVICE/App/usbd_desc.o
 .debug_abbrev  0x0000000000003770      0x33f ./USB_DEVICE/Target/usbd_conf.o

.debug_aranges  0x0000000000000000     0x11d0
 .debug_aranges
                0x0000000000000000       0x20 ./Core/Src/gpio.o
 .debug_aranges
                0x0000000000000020       0x30 ./Core/Src/i2c.o
 .debug_aranges
                0x0000000000000050       0x30 ./Core/Src/i2s.o
 .debug_aranges
                0x0000000000000080       0x40 ./Core/Src/main.o
 .debug_aranges
                0x00000000000000c0       0x30 ./Core/Src/spi.o
 .debug_aranges
                0x00000000000000f0       0x20 ./Core/Src/stm32f4xx_hal_msp.o
 .debug_aranges
                0x0000000000000110       0x70 ./Core/Src/stm32f4xx_it.o
 .debug_aranges
                0x0000000000000180       0x28 ./Core/Src/system_stm32f4xx.o
 .debug_aranges
                0x00000000000001a8       0x28 ./Core/Startup/startup_stm32f407vgtx.o
 .debug_aranges
                0x00000000000001d0       0xf0 ./Drivers/STM32F4xx_HAL_Driver/Src/stm32f4xx_hal.o
 .debug_aranges
                0x00000000000002c0      0x118 ./Drivers/STM32F4xx_HAL_Driver/Src/stm32f4xx_hal_cortex.o
 .debug_aranges
                0x00000000000003d8       0x58 ./Drivers/STM32F4xx_HAL_Driver/Src/stm32f4xx_hal_gpio.o
 .debug_aranges
                0x0000000000000430      0x2a0 ./Drivers/STM32F4xx_HAL_Driver/Src/stm32f4xx_hal_i2c.o
 .debug_aranges
                0x00000000000006d0      0x108 ./Drivers/STM32F4xx_HAL_Driver/Src/stm32f4xx_hal_i2s.o
 .debug_aranges
                0x00000000000007d8       0x88 ./Drivers/STM32F4xx_HAL_Driver/Src/stm32f4xx_hal_i2s_ex.o
 .debug_aranges
                0x0000000000000860      0x148 ./Drivers/STM32F4xx_HAL_Driver/Src/stm32f4xx_hal_pcd.o
 .debug_aranges
                0x00000000000009a8       0x38 ./Drivers/STM32F4xx_HAL_Driver/Src/stm32f4xx_hal_pcd_ex.o
 .debug_aranges
                0x00000000000009e0       0x88 ./Drivers/STM32F4xx_HAL_Driver/Src/stm32f4xx_hal_rcc.o
 .debug_aranges
                0x0000000000000a68       0x48 ./Drivers/STM32F4xx_HAL_Driver/Src/stm32f4xx_hal_rcc_ex.o
 .debug_aranges
                0x0000000000000ab0      0x1d0 ./Drivers/STM32F4xx_HAL_Driver/Src/stm32f4xx_hal_spi.o
 .debug_aranges
                0x0000000000000c80      0x1a0 ./Drivers/STM32F4xx_HAL_Driver/Src/stm32f4xx_ll_usb.o
 .debug_aranges
                0x0000000000000e20       0x68 ./Middlewares/ST/STM32_USB_Device_Library/Class/HID/Src/usbd_hid.o
 .debug_aranges
                0x0000000000000e88       0xd8 ./Middlewares/ST/STM32_USB_Device_Library/Core/Src/usbd_core.o
 .debug_aranges
                0x0000000000000f60       0x90 ./Middlewares/ST/STM32_USB_Device_Library/Core/Src/usbd_ctlreq.o
 .debug_aranges
                0x0000000000000ff0       0x50 ./Middlewares/ST/STM32_USB_Device_Library/Core/Src/usbd_ioreq.o
 .debug_aranges
                0x0000000000001040       0x20 ./USB_DEVICE/App/usb_device.o
 .debug_aranges
                0x0000000000001060       0x60 ./USB_DEVICE/App/usbd_desc.o
 .debug_aranges
                0x00000000000010c0      0x110 ./USB_DEVICE/Target/usbd_conf.o

.debug_rnglists
                0x0000000000000000      0xd83
 .debug_rnglists
                0x0000000000000000       0x14 ./Core/Src/gpio.o
 .debug_rnglists
                0x0000000000000014       0x20 ./Core/Src/i2c.o
 .debug_rnglists
                0x0000000000000034       0x20 ./Core/Src/i2s.o
 .debug_rnglists
                0x0000000000000054       0x2e ./Core/Src/main.o
 .debug_rnglists
                0x0000000000000082       0x20 ./Core/Src/spi.o
 .debug_rnglists
                0x00000000000000a2       0x13 ./Core/Src/stm32f4xx_hal_msp.o
 .debug_rnglists
                0x00000000000000b5       0x4f ./Core/Src/stm32f4xx_it.o
 .debug_rnglists
                0x0000000000000104       0x1a ./Core/Src/system_stm32f4xx.o
 .debug_rnglists
                0x000000000000011e       0x19 ./Core/Startup/startup_stm32f407vgtx.o
 .debug_rnglists
                0x0000000000000137       0xaf ./Drivers/STM32F4xx_HAL_Driver/Src/stm32f4xx_hal.o
 .debug_rnglists
                0x00000000000001e6       0xce ./Drivers/STM32F4xx_HAL_Driver/Src/stm32f4xx_hal_cortex.o
 .debug_rnglists
                0x00000000000002b4       0x3f ./Drivers/STM32F4xx_HAL_Driver/Src/stm32f4xx_hal_gpio.o
 .debug_rnglists
                0x00000000000002f3      0x235 ./Drivers/STM32F4xx_HAL_Driver/Src/stm32f4xx_hal_i2c.o
 .debug_rnglists
                0x0000000000000528       0xcc ./Drivers/STM32F4xx_HAL_Driver/Src/stm32f4xx_hal_i2s.o
 .debug_rnglists
                0x00000000000005f4       0x6a ./Drivers/STM32F4xx_HAL_Driver/Src/stm32f4xx_hal_i2s_ex.o
 .debug_rnglists
                0x000000000000065e       0xfc ./Drivers/STM32F4xx_HAL_Driver/Src/stm32f4xx_hal_pcd.o
 .debug_rnglists
                0x000000000000075a       0x26 ./Drivers/STM32F4xx_HAL_Driver/Src/stm32f4xx_hal_pcd_ex.o
 .debug_rnglists
                0x0000000000000780       0x66 ./Drivers/STM32F4xx_HAL_Driver/Src/stm32f4xx_hal_rcc.o
 .debug_rnglists
                0x00000000000007e6       0x35 ./Drivers/STM32F4xx_HAL_Driver/Src/stm32f4xx_hal_rcc_ex.o
 .debug_rnglists
                0x000000000000081b      0x16f ./Drivers/STM32F4xx_HAL_Driver/Src/stm32f4xx_hal_spi.o
 .debug_rnglists
                0x000000000000098a      0x148 ./Drivers/STM32F4xx_HAL_Driver/Src/stm32f4xx_ll_usb.o
 .debug_rnglists
                0x0000000000000ad2       0x4c ./Middlewares/ST/STM32_USB_Device_Library/Class/HID/Src/usbd_hid.o
 .debug_rnglists
                0x0000000000000b1e       0xa1 ./Middlewares/ST/STM32_USB_Device_Library/Core/Src/usbd_core.o
 .debug_rnglists
                0x0000000000000bbf       0x6e ./Middlewares/ST/STM32_USB_Device_Library/Core/Src/usbd_ctlreq.o
 .debug_rnglists
                0x0000000000000c2d       0x37 ./Middlewares/ST/STM32_USB_Device_Library/Core/Src/usbd_ioreq.o
 .debug_rnglists
                0x0000000000000c64       0x13 ./USB_DEVICE/App/usb_device.o
 .debug_rnglists
                0x0000000000000c77       0x43 ./USB_DEVICE/App/usbd_desc.o
 .debug_rnglists
                0x0000000000000cba       0xc9 ./USB_DEVICE/Target/usbd_conf.o

.debug_macro    0x0000000000000000    0x243e2
 .debug_macro   0x0000000000000000      0x22a ./Core/Src/gpio.o
 .debug_macro   0x000000000000022a      0xaa8 ./Core/Src/gpio.o
 .debug_macro   0x0000000000000cd2      0x2a7 ./Core/Src/gpio.o
 .debug_macro   0x0000000000000f79       0x2e ./Core/Src/gpio.o
 .debug_macro   0x0000000000000fa7       0x2f ./Core/Src/gpio.o
 .debug_macro   0x0000000000000fd6       0x22 ./Core/Src/gpio.o
 .debug_macro   0x0000000000000ff8       0x8e ./Core/Src/gpio.o
 .debug_macro   0x0000000000001086       0x51 ./Core/Src/gpio.o
 .debug_macro   0x00000000000010d7      0x103 ./Core/Src/gpio.o
 .debug_macro   0x00000000000011da       0x6a ./Core/Src/gpio.o
 .debug_macro   0x0000000000001244      0x1df ./Core/Src/gpio.o
 .debug_macro   0x0000000000001423       0x1c ./Core/Src/gpio.o
 .debug_macro   0x000000000000143f       0x22 ./Core/Src/gpio.o
 .debug_macro   0x0000000000001461       0xd9 ./Core/Src/gpio.o
 .debug_macro   0x000000000000153a     0x102d ./Core/Src/gpio.o
 .debug_macro   0x0000000000002567      0x11f ./Core/Src/gpio.o
 .debug_macro   0x0000000000002686    0x15e82 ./Core/Src/gpio.o
 .debug_macro   0x0000000000018508       0x6d ./Core/Src/gpio.o
 .debug_macro   0x0000000000018575     0x367e ./Core/Src/gpio.o
 .debug_macro   0x000000000001bbf3      0x174 ./Core/Src/gpio.o
 .debug_macro   0x000000000001bd67       0x5c ./Core/Src/gpio.o
 .debug_macro   0x000000000001bdc3      0x96b ./Core/Src/gpio.o
 .debug_macro   0x000000000001c72e      0x9fe ./Core/Src/gpio.o
 .debug_macro   0x000000000001d12c      0x115 ./Core/Src/gpio.o
 .debug_macro   0x000000000001d241      0x13e ./Core/Src/gpio.o
 .debug_macro   0x000000000001d37f       0xa5 ./Core/Src/gpio.o
 .debug_macro   0x000000000001d424      0x174 ./Core/Src/gpio.o
 .debug_macro   0x000000000001d598      0x287 ./Core/Src/gpio.o
 .debug_macro   0x000000000001d81f       0x5f ./Core/Src/gpio.o
 .debug_macro   0x000000000001d87e      0x236 ./Core/Src/gpio.o
 .debug_macro   0x000000000001dab4      0x12c ./Core/Src/gpio.o
 .debug_macro   0x000000000001dbe0      0x21e ./Core/Src/gpio.o
 .debug_macro   0x000000000001ddfe       0x2e ./Core/Src/gpio.o
 .debug_macro   0x000000000001de2c      0x1b5 ./Core/Src/gpio.o
 .debug_macro   0x000000000001dfe1       0xd6 ./Core/Src/gpio.o
 .debug_macro   0x000000000001e0b7      0x1a7 ./Core/Src/gpio.o
 .debug_macro   0x000000000001e25e       0x46 ./Core/Src/gpio.o
 .debug_macro   0x000000000001e2a4       0x4a ./Core/Src/gpio.o
 .debug_macro   0x000000000001e2ee      0x11a ./Core/Src/gpio.o
 .debug_macro   0x000000000001e408       0x7e ./Core/Src/gpio.o
 .debug_macro   0x000000000001e486       0x89 ./Core/Src/gpio.o
 .debug_macro   0x000000000001e50f      0x225 ./Core/Src/gpio.o
 .debug_macro   0x000000000001e734      0x248 ./Core/Src/gpio.o
 .debug_macro   0x000000000001e97c       0xba ./Core/Src/gpio.o
 .debug_macro   0x000000000001ea36      0x12d ./Core/Src/gpio.o
 .debug_macro   0x000000000001eb63      0x196 ./Core/Src/gpio.o
 .debug_macro   0x000000000001ecf9      0x22a ./Core/Src/i2c.o
 .debug_macro   0x000000000001ef23      0x22a ./Core/Src/i2s.o
 .debug_macro   0x000000000001f14d      0x3f1 ./Core/Src/main.o
 .debug_macro   0x000000000001f53e       0x61 ./Core/Src/main.o
 .debug_macro   0x000000000001f59f       0x2a ./Core/Src/main.o
 .debug_macro   0x000000000001f5c9       0x43 ./Core/Src/main.o
 .debug_macro   0x000000000001f60c       0x34 ./Core/Src/main.o
 .debug_macro   0x000000000001f640       0x16 ./Core/Src/main.o
 .debug_macro   0x000000000001f656       0x35 ./Core/Src/main.o
 .debug_macro   0x000000000001f68b      0x369 ./Core/Src/main.o
 .debug_macro   0x000000000001f9f4       0x10 ./Core/Src/main.o
 .debug_macro   0x000000000001fa04       0x16 ./Core/Src/main.o
 .debug_macro   0x000000000001fa1a       0x43 ./Core/Src/main.o
 .debug_macro   0x000000000001fa5d       0x34 ./Core/Src/main.o
 .debug_macro   0x000000000001fa91       0x10 ./Core/Src/main.o
 .debug_macro   0x000000000001faa1       0x58 ./Core/Src/main.o
 .debug_macro   0x000000000001faf9       0x8e ./Core/Src/main.o
 .debug_macro   0x000000000001fb87       0x1c ./Core/Src/main.o
 .debug_macro   0x000000000001fba3      0x177 ./Core/Src/main.o
 .debug_macro   0x000000000001fd1a       0x16 ./Core/Src/main.o
 .debug_macro   0x000000000001fd30       0x16 ./Core/Src/main.o
 .debug_macro   0x000000000001fd46      0x147 ./Core/Src/main.o
 .debug_macro   0x000000000001fe8d       0x16 ./Core/Src/main.o
 .debug_macro   0x000000000001fea3       0x16 ./Core/Src/main.o
 .debug_macro   0x000000000001feb9       0x29 ./Core/Src/main.o
 .debug_macro   0x000000000001fee2       0x16 ./Core/Src/main.o
 .debug_macro   0x000000000001fef8       0x20 ./Core/Src/main.o
 .debug_macro   0x000000000001ff18       0x6b ./Core/Src/main.o
 .debug_macro   0x000000000001ff83      0x20f ./Core/Src/main.o
 .debug_macro   0x0000000000020192       0x5f ./Core/Src/main.o
 .debug_macro   0x00000000000201f1      0x22a ./Core/Src/spi.o
 .debug_macro   0x000000000002041b      0x220 ./Core/Src/stm32f4xx_hal_msp.o
 .debug_macro   0x000000000002063b      0x22a ./Core/Src/stm32f4xx_it.o
 .debug_macro   0x0000000000020865      0x211 ./Core/Src/system_stm32f4xx.o
 .debug_macro   0x0000000000020a76      0x271 ./Drivers/STM32F4xx_HAL_Driver/Src/stm32f4xx_hal.o
 .debug_macro   0x0000000000020ce7      0x211 ./Drivers/STM32F4xx_HAL_Driver/Src/stm32f4xx_hal_cortex.o
 .debug_macro   0x0000000000020ef8      0x217 ./Drivers/STM32F4xx_HAL_Driver/Src/stm32f4xx_hal_gpio.o
 .debug_macro   0x000000000002110f      0x258 ./Drivers/STM32F4xx_HAL_Driver/Src/stm32f4xx_hal_i2c.o
 .debug_macro   0x0000000000021367      0x219 ./Drivers/STM32F4xx_HAL_Driver/Src/stm32f4xx_hal_i2s.o
 .debug_macro   0x0000000000021580      0x211 ./Drivers/STM32F4xx_HAL_Driver/Src/stm32f4xx_hal_i2s_ex.o
 .debug_macro   0x0000000000021791      0x21d ./Drivers/STM32F4xx_HAL_Driver/Src/stm32f4xx_hal_pcd.o
 .debug_macro   0x00000000000219ae      0x211 ./Drivers/STM32F4xx_HAL_Driver/Src/stm32f4xx_hal_pcd_ex.o
 .debug_macro   0x0000000000021bbf      0x235 ./Drivers/STM32F4xx_HAL_Driver/Src/stm32f4xx_hal_rcc.o
 .debug_macro   0x0000000000021df4      0x211 ./Drivers/STM32F4xx_HAL_Driver/Src/stm32f4xx_hal_rcc_ex.o
 .debug_macro   0x0000000000022005      0x220 ./Drivers/STM32F4xx_HAL_Driver/Src/stm32f4xx_hal_spi.o
 .debug_macro   0x0000000000022225      0x211 ./Drivers/STM32F4xx_HAL_Driver/Src/stm32f4xx_ll_usb.o
 .debug_macro   0x0000000000022436      0x3af ./Middlewares/ST/STM32_USB_Device_Library/Class/HID/Src/usbd_hid.o
 .debug_macro   0x00000000000227e5       0x97 ./Middlewares/ST/STM32_USB_Device_Library/Class/HID/Src/usbd_hid.o
 .debug_macro   0x000000000002287c       0xfd ./Middlewares/ST/STM32_USB_Device_Library/Class/HID/Src/usbd_hid.o
 .debug_macro   0x0000000000022979       0x56 ./Middlewares/ST/STM32_USB_Device_Library/Class/HID/Src/usbd_hid.o
 .debug_macro   0x00000000000229cf      0x396 ./Middlewares/ST/STM32_USB_Device_Library/Core/Src/usbd_core.o
 .debug_macro   0x0000000000022d65      0x215 ./Middlewares/ST/STM32_USB_Device_Library/Core/Src/usbd_core.o
 .debug_macro   0x0000000000022f7a      0x3a0 ./Middlewares/ST/STM32_USB_Device_Library/Core/Src/usbd_ctlreq.o
 .debug_macro   0x000000000002331a      0x39c ./Middlewares/ST/STM32_USB_Device_Library/Core/Src/usbd_ioreq.o
 .debug_macro   0x00000000000236b6      0x3c6 ./USB_DEVICE/App/usb_device.o
 .debug_macro   0x0000000000023a7c      0x19c ./USB_DEVICE/App/usb_device.o
 .debug_macro   0x0000000000023c18       0x22 ./USB_DEVICE/App/usb_device.o
 .debug_macro   0x0000000000023c3a      0x3d9 ./USB_DEVICE/App/usbd_desc.o
 .debug_macro   0x0000000000024013       0x1c ./USB_DEVICE/App/usbd_desc.o
 .debug_macro   0x000000000002402f      0x3b3 ./USB_DEVICE/Target/usbd_conf.o

.debug_line     0x0000000000000000    0x19c1f
 .debug_line    0x0000000000000000      0x83c ./Core/Src/gpio.o
 .debug_line    0x000000000000083c      0x82f ./Core/Src/i2c.o
 .debug_line    0x000000000000106b      0x853 ./Core/Src/i2s.o
 .debug_line    0x00000000000018be      0xc93 ./Core/Src/main.o
 .debug_line    0x0000000000002551      0x837 ./Core/Src/spi.o
 .debug_line    0x0000000000002d88      0x7c7 ./Core/Src/stm32f4xx_hal_msp.o
 .debug_line    0x000000000000354f      0x8b8 ./Core/Src/stm32f4xx_it.o
 .debug_line    0x0000000000003e07      0x847 ./Core/Src/system_stm32f4xx.o
 .debug_line    0x000000000000464e       0x7a ./Core/Startup/startup_stm32f407vgtx.o
 .debug_line    0x00000000000046c8      0xaad ./Drivers/STM32F4xx_HAL_Driver/Src/stm32f4xx_hal.o
 .debug_line    0x0000000000005175      0xd5c ./Drivers/STM32F4xx_HAL_Driver/Src/stm32f4xx_hal_cortex.o
 .debug_line    0x0000000000005ed1      0xc21 ./Drivers/STM32F4xx_HAL_Driver/Src/stm32f4xx_hal_gpio.o
 .debug_line    0x0000000000006af2     0x3a6f ./Drivers/STM32F4xx_HAL_Driver/Src/stm32f4xx_hal_i2c.o
 .debug_line    0x000000000000a561     0x1445 ./Drivers/STM32F4xx_HAL_Driver/Src/stm32f4xx_hal_i2s.o
 .debug_line    0x000000000000b9a6     0x1545 ./Drivers/STM32F4xx_HAL_Driver/Src/stm32f4xx_hal_i2s_ex.o
 .debug_line    0x000000000000ceeb     0x1554 ./Drivers/STM32F4xx_HAL_Driver/Src/stm32f4xx_hal_pcd.o
 .debug_line    0x000000000000e43f      0x890 ./Drivers/STM32F4xx_HAL_Driver/Src/stm32f4xx_hal_pcd_ex.o